Microchip MPLAB XC8 Compiler V1.42 ()

Linker command line:

-W-3 --edf=C:\Program Files (x86)\Microchip\xc8\v1.42\dat\en_msgs.txt -cs \
  -h+dist/default/production\Serial_RS232.X.production.sym \
  --cmf=dist/default/production\Serial_RS232.X.production.cmf -z -Q18F45K50 \
  -oC:\Users\usuario\AppData\Local\Temp\s18to.2 \
  -Mdist/default/production/Serial_RS232.X.production.map -E1 -ver=XC8 \
  -ASTACK=0B2h-07ffh -pstack=STACK -ACODE=01000h-07FFFh \
  -ACONST=01000h-07FFFh -ASMALLCONST=01000h-010FFhx112 \
  -AMEDIUMCONST=01000h-07FFFh -ACOMRAM=01h-05Fh -AABS1=00h-07FFh \
  -ABIGRAM=01h-07FFh -ARAM=060h-0FFh,0100h-01FFhx7 -ABANK0=060h-0FFh \
  -ABANK1=0100h-01FFh -ABANK2=0200h-02FFh -ABANK3=0300h-03FFh \
  -ABANK4=0400h-04FFh -ABANK5=0500h-05FFh -ABANK6=0600h-06FFh \
  -ABANK7=0700h-07FFh -ASFR=0F53h-0F5Fh,0F60h-0FFFh \
  -preset_vec=01000h,intcode=01008h,intcodelo=01018h,powerup,init \
  -pramtop=0800h -psmallconst=SMALLCONST -pmediumconst=MEDIUMCONST \
  -pconst=CONST -AFARRAM=00h-00h -ACONFIG=0300000h-030000Dh -pconfig=CONFIG \
  -AIDLOC=0200000h-0200007h -pidloc=IDLOC -AEEDATA=0F00000h-0F000FFh \
  -peeprom_data=EEDATA \
  -prdata=COMRAM,nvrram=COMRAM,nvbit=COMRAM,rbss=COMRAM,rbit=COMRAM \
  -pfarbss=FARRAM,fardata=FARRAM,nvFARRAM=FARRAM \
  -pintsave_regs=BIGRAM,bigbss=BIGRAM,bigdata=BIGRAM -pbss=RAM \
  -pidata=CODE,irdata=CODE,ibigdata=CODE,ifardata=CODE -prparam=COMRAM \
  C:\Users\usuario\AppData\Local\Temp\s18to.obj \
  dist/default/production\Serial_RS232.X.production.obj 

Object code version is 3.11

Machine type is 18F45K50

Call graph: (short form)




                Name                               Link     Load   Length Selector   Space Scale
C:\Users\usuario\AppData\Local\Temp\s18to.obj
                init                               10A6     10A6        4      80C       0
                reset_vec                          1000     1000        4      800       0
                idloc                            200000   200000        8   200000       0
                config                           300000   300000        E   300000       0
dist/default/production\Serial_RS232.X.production.obj
                intcodelo                          1018     1018       8E      80C       0
                intcode                            1008     1008        6      804       0
                temp                                 35       35        1        1       1
                smallconst                         10AA     10AA       1A      855       0
                text7                              12CE     12CE       86      862       0
                intcode_body                       1240     1240       8E      862       0
                text4                              10C4     10C4       E4      862       0
                text3                              11A8     11A8       98      862       0
                text2                              13CE     13CE       58      862       0
                text1                              1426     1426       32      862       0
                text0                              1354     1354       7A      862       0
                cstackCOMRAM                          1        1       31        1       1
                cstackBANK0                          A6       A6        C       60       1
                bssBANK0                             60       60       46       60       1
                bssCOMRAM                            34       34        1        1       1
                cinit                              1458     1458       20      862       0
                nvCOMRAM                             32       32        2        1       1

TOTAL           Name                               Link     Load   Length     Space
        CLASS   STACK          

        CLASS   CODE           
                intcodelo                          1018     1018       8E         0
                intcode                            1008     1008        6         0
                init                               10A6     10A6        4         0
                reset_vec                          1000     1000        4         0
                text7                              12CE     12CE       86         0
                intcode_body                       1240     1240       8E         0
                text4                              10C4     10C4       E4         0
                text3                              11A8     11A8       98         0
                text2                              13CE     13CE       58         0
                text1                              1426     1426       32         0
                text0                              1354     1354       7A         0
                cinit                              1458     1458       20         0

        CLASS   CONST          

        CLASS   SMALLCONST     
                smallconst                         10AA     10AA       1A         0

        CLASS   MEDIUMCONST    

        CLASS   COMRAM         
                temp                                 35       35        1         1
                cstackCOMRAM                          1        1       31         1
                bssCOMRAM                            34       34        1         1
                nvCOMRAM                             32       32        2         1

        CLASS   ABS1           

        CLASS   BIGRAM         

        CLASS   RAM            

        CLASS   BANK0          
                cstackBANK0                          A6       A6        C         1
                bssBANK0                             60       60       46         1

        CLASS   BANK1          

        CLASS   BANK2          

        CLASS   BANK3          

        CLASS   BANK4          

        CLASS   BANK5          

        CLASS   BANK6          

        CLASS   BANK7          

        CLASS   SFR            

        CLASS   FARRAM         

        CLASS   CONFIG         
                config                           300000   300000        E         0

        CLASS   IDLOC          
                idloc                            200000   200000        8         0

        CLASS   EEDATA         



SEGMENTS        Name                           Load    Length   Top    Selector   Space  Class

                cstackCOMRAM                   000001  000035  000036         1       1  COMRAM  
                bssBANK0                       000060  000052  0000B2        60       1  BANK0   
                reset_vec                      001000  000004  001004       800       0  CODE    
                intcode                        001008  000006  00100E       804       0  CODE    
                intcodelo                      001018  000092  0010AA       80C       0  CODE    
                smallconst                     0010AA  00001A  0010C4       855       0  SMALLCON
                text4                          0010C4  0003B4  001478       862       0  CODE    
                idloc                          200000  000008  200008    200000       0  IDLOC   
                config                         300000  00000E  30000E    300000       0  CONFIG  


UNUSED ADDRESS RANGES

        Name                Unused          Largest block    Delta
        BANK0            0000B2-0000FF               4E
        BANK1            000100-0001FF              100
        BANK2            000200-0002FF              100
        BANK3            000300-0003FF              100
        BANK4            000400-0004FF              100
        BANK5            000500-0005FF              100
        BANK6            000600-0006FF              100
        BANK7            000700-0007FF              100
        BIGRAM           000036-00005F               2A
                         0000B2-0007FF              74E
        CODE             001004-001007                4
                         00100E-001017                A
                         001478-007FFF             6B88
        COMRAM           000036-00005F               2A
        CONST            001004-001007                4
                         00100E-001017                A
                         001478-007FFF             6B88
        EEDATA           F00000-F000FF              100
        FARRAM           000000-000000                1
        MEDIUMCONST      001004-001007                4
                         00100E-001017                A
                         001478-007FFF             6B88
        RAM              0000B2-0007FF              100
        SFR              000F53-000FFF                D
        SMALLCONST       001004-001007                4
                         00100E-001017                A
                         001478-007FFF              100
        STACK            0000B2-0007FF              74E

                                  Symbol Table

?___aldiv                         cstackCOMRAM 000028
_ANSELC                           (abs)        000F5D
_BAUDCON1bits                     (abs)        000FB8
_INTCONbits                       (abs)        000FF2
_PIE1bits                         (abs)        000F9D
_PIR1bits                         (abs)        000F9E
_RCREG1                           (abs)        000FAE
_RCSTA1bits                       (abs)        000FAB
_SERIAL_AVAILABLE                 bssCOMRAM    000034
_SERIAL_BUFFER                    bssBANK0     000060
_SPBRG1                           (abs)        000FAF
_SPBRGH1                          (abs)        000FB0
_TRISCbits                        (abs)        000F94
_TXREG1                           (abs)        000FAD
_TXSTA1bits                       (abs)        000FAC
__HRAM                            (abs)        000000
__Habs1                           abs1         000000
__Hbank0                          bank0        000000
__Hbank1                          bank1        000000
__Hbank2                          bank2        000000
__Hbank3                          bank3        000000
__Hbank4                          bank4        000000
__Hbank5                          bank5        000000
__Hbank6                          bank6        000000
__Hbank7                          bank7        000000
__Hbigbss                         bigbss       000000
__Hbigdata                        bigdata      000000
__Hbigram                         bigram       000000
__Hbss                            bss          000000
__HbssBANK0                       bssBANK0     000000
__HbssCOMRAM                      bssCOMRAM    000000
__Hcinit                          cinit        000000
__Hclrtext                        clrtext      000000
__Hcomram                         comram       000000
__Hconfig                         config       30000E
__Hconst                          const        000000
__HcstackBANK0                    cstackBANK0  000000
__HcstackCOMRAM                   cstackCOMRAM 000000
__Hdata                           data         000000
__Heeprom_data                    eeprom_data  000000
__Hfarbss                         farbss       000000
__Hfardata                        fardata      000000
__Hibigdata                       ibigdata     000000
__Hidata                          idata        000000
__Hidloc                          idloc        200008
__Hifardata                       ifardata     000000
__Hinit                           init         0010AA
__Hintcode                        intcode      00100E
__Hintcode_body                   intcode_body 000000
__Hintcodelo                      intcodelo    0010A6
__Hintentry                       intentry     000000
__Hintret                         intret       000000
__Hintsave_regs                   intsave_regs 000000
__Hirdata                         irdata       000000
__Hmediumconst                    mediumconst  000000
__HnvCOMRAM                       nvCOMRAM     000000
__HnvFARRAM                       nvFARRAM     000000
__Hnvbit                          nvbit        000000
__Hnvrram                         nvrram       000000
__Hparam                          rparam       000000
__Hpowerup                        powerup      0010A6
__Hram                            ram          000000
__Hramtop                         ramtop       000800
__Hrbit                           rbit         000000
__Hrbss                           rbss         000000
__Hrdata                          rdata        000000
__Hreset_vec                      reset_vec    001004
__Hrparam                         rparam       000000
__Hsfr                            sfr          000000
__Hsmallconst                     smallconst   0010C4
__Hspace_0                        (abs)        30000E
__Hspace_1                        (abs)        0000B2
__Hspace_2                        (abs)        000000
__Hstack                          stack        000000
__Hstruct                         struct       000000
__Htemp                           temp         000036
__Htext                           text         000000
__Htext0                          text0        000000
__Htext1                          text1        000000
__Htext2                          text2        000000
__Htext3                          text3        000000
__Htext4                          text4        000000
__Htext7                          text7        000000
__LRAM                            (abs)        000001
__Labs1                           abs1         000000
__Lbank0                          bank0        000000
__Lbank1                          bank1        000000
__Lbank2                          bank2        000000
__Lbank3                          bank3        000000
__Lbank4                          bank4        000000
__Lbank5                          bank5        000000
__Lbank6                          bank6        000000
__Lbank7                          bank7        000000
__Lbigbss                         bigbss       000000
__Lbigdata                        bigdata      000000
__Lbigram                         bigram       000000
__Lbss                            bss          000000
__LbssBANK0                       bssBANK0     000000
__LbssCOMRAM                      bssCOMRAM    000000
__Lcinit                          cinit        000000
__Lclrtext                        clrtext      000000
__Lcomram                         comram       000000
__Lconfig                         config       300000
__Lconst                          const        000000
__LcstackBANK0                    cstackBANK0  000000
__LcstackCOMRAM                   cstackCOMRAM 000000
__Ldata                           data         000000
__Leeprom_data                    eeprom_data  000000
__Lfarbss                         farbss       000000
__Lfardata                        fardata      000000
__Libigdata                       ibigdata     000000
__Lidata                          idata        000000
__Lidloc                          idloc        200000
__Lifardata                       ifardata     000000
__Linit                           init         0010A6
__Lintcode                        intcode      001008
__Lintcode_body                   intcode_body 000000
__Lintcodelo                      intcodelo    001018
__Lintentry                       intentry     000000
__Lintret                         intret       000000
__Lintsave_regs                   intsave_regs 000000
__Lirdata                         irdata       000000
__Lmediumconst                    mediumconst  000000
__LnvCOMRAM                       nvCOMRAM     000000
__LnvFARRAM                       nvFARRAM     000000
__Lnvbit                          nvbit        000000
__Lnvrram                         nvrram       000000
__Lparam                          rparam       000000
__Lpowerup                        powerup      0010A6
__Lram                            ram          000000
__Lramtop                         ramtop       000800
__Lrbit                           rbit         000000
__Lrbss                           rbss         000000
__Lrdata                          rdata        000000
__Lreset_vec                      reset_vec    001000
__Lrparam                         rparam       000000
__Lsfr                            sfr          000000
__Lsmallconst                     smallconst   0010AA
__Lspace_0                        (abs)        000000
__Lspace_1                        (abs)        000000
__Lspace_2                        (abs)        000000
__Lstack                          stack        000000
__Lstruct                         struct       000000
__Ltemp                           temp         000035
__Ltext                           text         000000
__Ltext0                          text0        000000
__Ltext1                          text1        000000
__Ltext2                          text2        000000
__Ltext3                          text3        000000
__Ltext4                          text4        000000
__Ltext7                          text7        000000
__S0                              (abs)        30000E
__S1                              (abs)        0000B2
__S2                              (abs)        000000
___aldiv                          text4        0010C4
___aldiv@counter                  cstackBANK0  0000A6
___aldiv@dividend                 cstackCOMRAM 000028
___aldiv@divisor                  cstackCOMRAM 00002C
___aldiv@quotient                 cstackBANK0  0000A8
___aldiv@sign                     cstackBANK0  0000A7
___inthi_sp                       stack        000000
___intlo_sp                       stack        000000
___param_bank                     (abs)        000000
___rparam_used                    (abs)        000001
___sp                             stack        000000
__accesstop                       (abs)        000060
__activetblptr                    (abs)        000001
__end_of___aldiv                  text4        0011A8
__end_of__initialization          cinit        001466
__end_of_high_isr                 intcode_body 0012CE
__end_of_low_isr                  intcodelo    0010A6
__end_of_main                     text0        0013CE
__end_of_serial_config            text3        001240
__end_of_serial_read_msg          text7        001354
__end_of_serial_send_msg          text2        001426
__end_of_serial_send_string       text1        001458
__initialization                  cinit        001458
__mediumconst                     mediumconst  000000
__pbssBANK0                       bssBANK0     000060
__pbssCOMRAM                      bssCOMRAM    000034
__pcinit                          cinit        001458
__pcstackBANK0                    cstackBANK0  0000A6
__pcstackCOMRAM                   cstackCOMRAM 000001
__pintcode                        intcode      001008
__pintcode_body                   intcode_body 001240
__pintcodelo                      intcodelo    001018
__pnvCOMRAM                       nvCOMRAM     000032
__psmallconst                     smallconst   0010AA
__ptext0                          text0        001354
__ptext1                          text1        001426
__ptext2                          text2        0013CE
__ptext3                          text3        0011A8
__ptext4                          text4        0010C4
__ptext7                          text7        0012CE
__ramtop                          ramtop       000800
__size_of___aldiv                 (abs)        000000
__size_of_high_isr                (abs)        000000
__size_of_low_isr                 (abs)        000000
__size_of_main                    (abs)        000000
__size_of_serial_config           (abs)        000000
__size_of_serial_read_msg         (abs)        000000
__size_of_serial_send_msg         (abs)        000000
__size_of_serial_send_string      (abs)        000000
__smallconst                      smallconst   0010AA
_high_isr                         intcode      001008
_low_isr                          intcodelo    001018
_main                             text0        001354
_serial_buffer_ptr                nvCOMRAM     000032
_serial_config                    text3        0011A8
_serial_config$1072               cstackBANK0  0000AC
_serial_read_msg                  text7        0012CE
_serial_send_msg                  text2        0013CE
_serial_send_string               text1        001426
btemp                             temp         000035
end_of_initialization             cinit        001466
int$flags                         temp         000035
int_func                          intcode_body 001240
intlevel0                         text         000000
intlevel1                         text         000000
intlevel2                         text         000000
intlevel3                         text         000000
serial_config@baud_rate           cstackCOMRAM 000030
serial_config@temp                cstackBANK0  0000B0
serial_read_msg@eot               cstackCOMRAM 000004
serial_read_msg@i                 cstackCOMRAM 000006
serial_read_msg@msg_to_receive    cstackCOMRAM 000001
serial_read_msg@soh               cstackCOMRAM 000003
serial_read_msg@temp_eot          cstackCOMRAM 000007
serial_read_msg@temp_soh          cstackCOMRAM 000008
serial_send_msg@eot               cstackCOMRAM 00002B
serial_send_msg@i                 cstackCOMRAM 00002D
serial_send_msg@msg_to_send       cstackCOMRAM 000028
serial_send_msg@soh               cstackCOMRAM 00002A
serial_send_string@string_to_send cstackCOMRAM 000028
stackhi                           (abs)        0007FF
stacklo                           (abs)        0000B2
start                             init         0010A6
start_initialization              cinit        001458


FUNCTION INFORMATION:

 *************** function _main *****************
 Defined at:
		line 28 in file "serial.c"
 Parameters:    Size  Location     Type
		None
 Auto vars:     Size  Location     Type
		None
 Return value:  Size  Location     Type
                  1    wreg      void 
 Registers used:
		wreg, fsr2l, fsr2h, status,2, status,0, tblptrl, tblptrh, tblptru, cstack
 Tracked objects:
		On entry : 
		On exit  : 
		Unchanged: 
 Data sizes:     COMRAM   BANK0   BANK1   BANK2   BANK3   BANK4   BANK5   BANK6   BANK7
      Params:         0       0       0       0       0       0       0       0       0
      Locals:         0       0       0       0       0       0       0       0       0
      Temps:          0       0       0       0       0       0       0       0       0
      Totals:         0       0       0       0       0       0       0       0       0
Total ram usage:        0 bytes
 Hardware stack levels required when called:    5
 This function calls:
		_serial_config
		_serial_send_msg
		_serial_send_string
 This function is called by:
		Startup code after reset
 This function uses a non-reentrant model


 *************** function _serial_send_string *****************
 Defined at:
		line 170 in file "serial.h"
 Parameters:    Size  Location     Type
  string_to_se    2   39[COMRAM] PTR unsigned char 
		 -> STR_3(10), STR_2(7), STR_1(7), 
 Auto vars:     Size  Location     Type
		None
 Return value:  Size  Location     Type
                  1    wreg      unsigned char 
 Registers used:
		wreg, status,2, status,0, tblptrl, tblptrh, tblptru
 Tracked objects:
		On entry : 
		On exit  : 
		Unchanged: 
 Data sizes:     COMRAM   BANK0   BANK1   BANK2   BANK3   BANK4   BANK5   BANK6   BANK7
      Params:         2       0       0       0       0       0       0       0       0
      Locals:         0       0       0       0       0       0       0       0       0
      Temps:          0       0       0       0       0       0       0       0       0
      Totals:         2       0       0       0       0       0       0       0       0
Total ram usage:        2 bytes
 Hardware stack levels used:    1
 Hardware stack levels required when called:    3
 This function calls:
		Nothing
 This function is called by:
		_main
 This function uses a non-reentrant model


 *************** function _serial_send_msg *****************
 Defined at:
		line 143 in file "serial.h"
 Parameters:    Size  Location     Type
  msg_to_send     2   39[COMRAM] PTR unsigned char 
		 -> NULL(0), SERIAL_BUFFER(70), 
  soh             1   41[COMRAM] unsigned char 
  eot             1   42[COMRAM] unsigned char 
 Auto vars:     Size  Location     Type
  i               1   44[COMRAM] unsigned char 
 Return value:  Size  Location     Type
                  1    wreg      unsigned char 
 Registers used:
		wreg, fsr2l, fsr2h, status,2, status,0
 Tracked objects:
		On entry : 
		On exit  : 
		Unchanged: 
 Data sizes:     COMRAM   BANK0   BANK1   BANK2   BANK3   BANK4   BANK5   BANK6   BANK7
      Params:         4       0       0       0       0       0       0       0       0
      Locals:         1       0       0       0       0       0       0       0       0
      Temps:          1       0       0       0       0       0       0       0       0
      Totals:         6       0       0       0       0       0       0       0       0
Total ram usage:        6 bytes
 Hardware stack levels used:    1
 Hardware stack levels required when called:    3
 This function calls:
		Nothing
 This function is called by:
		_main
 This function uses a non-reentrant model


 *************** function _serial_config *****************
 Defined at:
		line 32 in file "serial.h"
 Parameters:    Size  Location     Type
  baud_rate       2   47[COMRAM] unsigned int 
 Auto vars:     Size  Location     Type
  temp            2   10[BANK0 ] unsigned int 
 Return value:  Size  Location     Type
                  1    wreg      void 
 Registers used:
		wreg, status,2, status,0, cstack
 Tracked objects:
		On entry : 
		On exit  : 
		Unchanged: 
 Data sizes:     COMRAM   BANK0   BANK1   BANK2   BANK3   BANK4   BANK5   BANK6   BANK7
      Params:         2       0       0       0       0       0       0       0       0
      Locals:         0       6       0       0       0       0       0       0       0
      Temps:          0       0       0       0       0       0       0       0       0
      Totals:         2       6       0       0       0       0       0       0       0
Total ram usage:        8 bytes
 Hardware stack levels used:    1
 Hardware stack levels required when called:    4
 This function calls:
		___aldiv
 This function is called by:
		_main
 This function uses a non-reentrant model


 *************** function ___aldiv *****************
 Defined at:
		line 8 in file "C:\Program Files (x86)\Microchip\xc8\v1.42\sources\common\aldiv.c"
 Parameters:    Size  Location     Type
  dividend        4   39[COMRAM] long 
  divisor         4   43[COMRAM] long 
 Auto vars:     Size  Location     Type
  quotient        4    2[BANK0 ] long 
  sign            1    1[BANK0 ] unsigned char 
  counter         1    0[BANK0 ] unsigned char 
 Return value:  Size  Location     Type
                  4   39[COMRAM] long 
 Registers used:
		wreg, status,2, status,0
 Tracked objects:
		On entry : 
		On exit  : 
		Unchanged: 
 Data sizes:     COMRAM   BANK0   BANK1   BANK2   BANK3   BANK4   BANK5   BANK6   BANK7
      Params:         8       0       0       0       0       0       0       0       0
      Locals:         0       6       0       0       0       0       0       0       0
      Temps:          0       0       0       0       0       0       0       0       0
      Totals:         8       6       0       0       0       0       0       0       0
Total ram usage:       14 bytes
 Hardware stack levels used:    1
 Hardware stack levels required when called:    3
 This function calls:
		Nothing
 This function is called by:
		_serial_config
 This function uses a non-reentrant model


 *************** function _low_isr *****************
 Defined at:
		line 23 in file "serial.c"
 Parameters:    Size  Location     Type
		None
 Auto vars:     Size  Location     Type
		None
 Return value:  Size  Location     Type
                  1    wreg      void 
 Registers used:
		None
 Tracked objects:
		On entry : 
		On exit  : 
		Unchanged: 
 Data sizes:     COMRAM   BANK0   BANK1   BANK2   BANK3   BANK4   BANK5   BANK6   BANK7
      Params:         0       0       0       0       0       0       0       0       0
      Locals:         0       0       0       0       0       0       0       0       0
      Temps:         17       0       0       0       0       0       0       0       0
      Totals:        17       0       0       0       0       0       0       0       0
Total ram usage:       17 bytes
 Hardware stack levels used:    1
 Hardware stack levels required when called:    2
 This function calls:
		Nothing
 This function is called by:
		Interrupt level 1
 This function uses a non-reentrant model


 *************** function _high_isr *****************
 Defined at:
		line 16 in file "serial.c"
 Parameters:    Size  Location     Type
		None
 Auto vars:     Size  Location     Type
		None
 Return value:  Size  Location     Type
                  1    wreg      void 
 Registers used:
		wreg, fsr2l, fsr2h, status,2, status,0, cstack
 Tracked objects:
		On entry : 
		On exit  : 
		Unchanged: 
 Data sizes:     COMRAM   BANK0   BANK1   BANK2   BANK3   BANK4   BANK5   BANK6   BANK7
      Params:         0       0       0       0       0       0       0       0       0
      Locals:         0       0       0       0       0       0       0       0       0
      Temps:         14       0       0       0       0       0       0       0       0
      Totals:        14       0       0       0       0       0       0       0       0
Total ram usage:       14 bytes
 Hardware stack levels used:    1
 Hardware stack levels required when called:    1
 This function calls:
		_serial_read_msg
 This function is called by:
		Interrupt level 2
 This function uses a non-reentrant model


 *************** function _serial_read_msg *****************
 Defined at:
		line 90 in file "serial.h"
 Parameters:    Size  Location     Type
  msg_to_recei    2    0[COMRAM] PTR unsigned char 
		 -> NULL(0), SERIAL_BUFFER(70), 
  soh             1    2[COMRAM] unsigned char 
  eot             1    3[COMRAM] unsigned char 
 Auto vars:     Size  Location     Type
  temp_soh        1    7[COMRAM] unsigned char 
  temp_eot        1    6[COMRAM] unsigned char 
  i               1    5[COMRAM] unsigned char 
 Return value:  Size  Location     Type
                  1    wreg      char 
 Registers used:
		wreg, fsr2l, fsr2h, status,2, status,0
 Tracked objects:
		On entry : 
		On exit  : 
		Unchanged: 
 Data sizes:     COMRAM   BANK0   BANK1   BANK2   BANK3   BANK4   BANK5   BANK6   BANK7
      Params:         4       0       0       0       0       0       0       0       0
      Locals:         3       0       0       0       0       0       0       0       0
      Temps:          1       0       0       0       0       0       0       0       0
      Totals:         8       0       0       0       0       0       0       0       0
Total ram usage:        8 bytes
 Hardware stack levels used:    1
 This function calls:
		Nothing
 This function is called by:
		_high_isr
 This function uses a non-reentrant model



MODULE INFORMATION

Module		Function		Class		Link	Load	Size
serial.c
		_main          		CODE           	1354	0000	123
		_high_isr      		CODE           	1008	0000	149
		_low_isr       		CODE           	1018	0000	143

serial.c estimated size: 415

serial.h
		_serial_send_string		CODE           	1426	0000	51
		_serial_read_msg		CODE           	12CE	0000	135
		_serial_send_msg		CODE           	13CE	0000	89
		_serial_config 		CODE           	11A8	0000	153

serial.h estimated size: 428

C:\Program Files (x86)\Microchip\xc8\v1.42\sources\common\aldiv.c
		___aldiv       		CODE           	10C4	0000	229

C:\Program Files (x86)\Microchip\xc8\v1.42\sources\common\aldiv.c estimated size: 229

shared
		__initialization		CODE           	1458	0000	15

shared estimated size: 15

