Microchip MPLAB XC8 Compiler V1.42 ()

Linker command line:

-W-3 --edf=C:\Program Files (x86)\Microchip\xc8\v1.42\dat\en_msgs.txt -cs \
  -h+dist/default/production\I2C_LCD.X.production.sym \
  --cmf=dist/default/production\I2C_LCD.X.production.cmf -z -Q18F45K50 \
  -oC:\Users\usuario\AppData\Local\Temp\s1n0g.2 \
  -Mdist/default/production/I2C_LCD.X.production.map -E1 -ver=XC8 \
  -ASTACK=060h-07ffh -pstack=STACK -ACODE=01000h-07FFFh \
  -ACONST=01000h-07FFFh -ASMALLCONST=01000h-010FFhx112 \
  -AMEDIUMCONST=01000h-07FFFh -ACOMRAM=01h-05Fh -AABS1=00h-07FFh \
  -ABIGRAM=01h-07FFh -ARAM=060h-0FFh,0100h-01FFhx7 -ABANK0=060h-0FFh \
  -ABANK1=0100h-01FFh -ABANK2=0200h-02FFh -ABANK3=0300h-03FFh \
  -ABANK4=0400h-04FFh -ABANK5=0500h-05FFh -ABANK6=0600h-06FFh \
  -ABANK7=0700h-07FFh -ASFR=0F53h-0F5Fh,0F60h-0FFFh \
  -preset_vec=01000h,intcode,intcodelo,powerup,init -pramtop=0800h \
  -psmallconst=SMALLCONST -pmediumconst=MEDIUMCONST -pconst=CONST \
  -AFARRAM=00h-00h -ACONFIG=0300000h-030000Dh -pconfig=CONFIG \
  -AIDLOC=0200000h-0200007h -pidloc=IDLOC -AEEDATA=0F00000h-0F000FFh \
  -peeprom_data=EEDATA \
  -prdata=COMRAM,nvrram=COMRAM,nvbit=COMRAM,rbss=COMRAM,rbit=COMRAM \
  -pfarbss=FARRAM,fardata=FARRAM,nvFARRAM=FARRAM \
  -pintsave_regs=BIGRAM,bigbss=BIGRAM,bigdata=BIGRAM -pbss=RAM \
  -pidata=CODE,irdata=CODE,ibigdata=CODE,ifardata=CODE -prparam=COMRAM \
  C:\Users\usuario\AppData\Local\Temp\s1n0g.obj \
  dist/default/production\I2C_LCD.X.production.obj 

Object code version is 3.11

Machine type is 18F45K50

Call graph: (short form)




                Name                               Link     Load   Length Selector   Space Scale
C:\Users\usuario\AppData\Local\Temp\s1n0g.obj
                init                               1000     1000        4      800       0
                idloc                            200000   200000        8   200000       0
                config                           300000   300000        E   300000       0
dist/default/production\I2C_LCD.X.production.obj
                text7                              7EC2     7EC2        C     3F61       0
                text6                              7F3A     7F3A       38     3F9D       0
                text5                              7F72     7F72       8E     3FB9       0
                text4                              7F0A     7F0A       30     3F85       0
                text3                              7ECE     7ECE       1E     3F67       0
                text2                              7EA8     7EA8        8     3F54       0
                text1                              7EB0     7EB0        8     3F58       0
                text0                              7EEC     7EEC       1E     3F76       0
                cstackCOMRAM                          1        1        B        1       1
                cinit                              7EB8     7EB8        A     3F5C       0

TOTAL           Name                               Link     Load   Length     Space
        CLASS   STACK          

        CLASS   CODE           
                init                               1000     1000        4         0
                text7                              7EC2     7EC2        C         0
                text6                              7F3A     7F3A       38         0
                text5                              7F72     7F72       8E         0
                text4                              7F0A     7F0A       30         0
                text3                              7ECE     7ECE       1E         0
                text2                              7EA8     7EA8        8         0
                text1                              7EB0     7EB0        8         0
                text0                              7EEC     7EEC       1E         0
                cinit                              7EB8     7EB8        A         0

        CLASS   CONST          

        CLASS   SMALLCONST     

        CLASS   MEDIUMCONST    

        CLASS   COMRAM         
                cstackCOMRAM                          1        1        B         1

        CLASS   ABS1           

        CLASS   BIGRAM         

        CLASS   RAM            

        CLASS   BANK0          

        CLASS   BANK1          

        CLASS   BANK2          

        CLASS   BANK3          

        CLASS   BANK4          

        CLASS   BANK5          

        CLASS   BANK6          

        CLASS   BANK7          

        CLASS   SFR            

        CLASS   FARRAM         

        CLASS   CONFIG         
                config                           300000   300000        E         0

        CLASS   IDLOC          
                idloc                            200000   200000        8         0

        CLASS   EEDATA         



SEGMENTS        Name                           Load    Length   Top    Selector   Space  Class

                cstackCOMRAM                   000001  00000B  00000C         1       1  COMRAM  
                reset_vec                      001000  000004  001004       800       0  CODE    
                text2                          007EA8  000008  007EB0      3F54       0  CODE    
                text1                          007EB0  000008  007EB8      3F58       0  CODE    
                cinit                          007EB8  00000A  007EC2      3F5C       0  CODE    
                text7                          007EC2  00000C  007ECE      3F61       0  CODE    
                text3                          007ECE  00001E  007EEC      3F67       0  CODE    
                text0                          007EEC  00001E  007F0A      3F76       0  CODE    
                text4                          007F0A  000030  007F3A      3F85       0  CODE    
                text6                          007F3A  000038  007F72      3F9D       0  CODE    
                text5                          007F72  00008E  008000      3FB9       0  CODE    
                idloc                          200000  000008  200008    200000       0  IDLOC   
                config                         300000  00000E  30000E    300000       0  CONFIG  


UNUSED ADDRESS RANGES

        Name                Unused          Largest block    Delta
        BANK0            000060-0000FF               A0
        BANK1            000100-0001FF              100
        BANK2            000200-0002FF              100
        BANK3            000300-0003FF              100
        BANK4            000400-0004FF              100
        BANK5            000500-0005FF              100
        BANK6            000600-0006FF              100
        BANK7            000700-0007FF              100
        BIGRAM           00000C-0007FF              7F4
        CODE             001004-007EA7             6EA4
        COMRAM           00000C-00005F               54
        CONST            001004-007EA7             6EA4
        EEDATA           F00000-F000FF              100
        FARRAM           000000-000000                1
        MEDIUMCONST      001004-007EA7             6EA4
        RAM              000060-0007FF              100
        SFR              000F53-000FFF                D
        SMALLCONST       001004-007EA7              100
        STACK            000060-0007FF              7A0

                                  Symbol Table

I2C_LCD_WriteByte@byteToSend    cstackCOMRAM 000008
I2C_LCD_WriteByte@data          cstackCOMRAM 000007
I2C_LCD_WriteByte@dataOrCommand cstackCOMRAM 000006
I2C_LCD_WriteByte@newByteToSend cstackCOMRAM 000009
I2C_LCD_WriteByte@rotatedByte   cstackCOMRAM 00000A
I2C_Master_Write@data           cstackCOMRAM 000001
_ANSELBbits                     (abs)        000F5C
_I2C_LCD_Init                   text4        007F0A
_I2C_LCD_WriteByte              text5        007F72
_I2C_Master_Init                text3        007ECE
_I2C_Master_Start               text2        007EA8
_I2C_Master_Stop                text1        007EB0
_I2C_Master_Write               text7        007EC2
_LATBbits                       (abs)        000F8A
_SSP1ADD                        (abs)        000FC8
_SSP1BUF                        (abs)        000FC9
_SSP1CON1                       (abs)        000FC6
_SSP1CON2                       (abs)        000FC5
_SSP1STAT                       (abs)        000FC7
_TRISBbits                      (abs)        000F93
__HRAM                          (abs)        000000
__Habs1                         abs1         000000
__Hbank0                        bank0        000000
__Hbank1                        bank1        000000
__Hbank2                        bank2        000000
__Hbank3                        bank3        000000
__Hbank4                        bank4        000000
__Hbank5                        bank5        000000
__Hbank6                        bank6        000000
__Hbank7                        bank7        000000
__Hbigbss                       bigbss       000000
__Hbigdata                      bigdata      000000
__Hbigram                       bigram       000000
__Hbss                          bss          000000
__Hcinit                        cinit        000000
__Hclrtext                      clrtext      000000
__Hcomram                       comram       000000
__Hconfig                       config       30000E
__Hconst                        const        000000
__HcstackCOMRAM                 cstackCOMRAM 000000
__Hdata                         data         000000
__Heeprom_data                  eeprom_data  000000
__Hfarbss                       farbss       000000
__Hfardata                      fardata      000000
__Hibigdata                     ibigdata     000000
__Hidata                        idata        000000
__Hidloc                        idloc        200008
__Hifardata                     ifardata     000000
__Hinit                         init         001004
__Hintcode                      intcode      001000
__Hintcode_body                 intcode_body 000000
__Hintcodelo                    intcodelo    001000
__Hintentry                     intentry     000000
__Hintret                       intret       000000
__Hintsave_regs                 intsave_regs 000000
__Hirdata                       irdata       000000
__Hmediumconst                  mediumconst  000000
__HnvFARRAM                     nvFARRAM     000000
__Hnvbit                        nvbit        000000
__Hnvrram                       nvrram       000000
__Hparam                        rparam       000000
__Hpowerup                      powerup      001000
__Hram                          ram          000000
__Hramtop                       ramtop       000800
__Hrbit                         rbit         000000
__Hrbss                         rbss         000000
__Hrdata                        rdata        000000
__Hreset_vec                    reset_vec    001000
__Hrparam                       rparam       000000
__Hsfr                          sfr          000000
__Hsmallconst                   smallconst   000000
__Hspace_0                      (abs)        30000E
__Hspace_1                      (abs)        00000C
__Hspace_2                      (abs)        000000
__Hstack                        stack        000000
__Hstruct                       struct       000000
__Htemp                         temp         000000
__Htext                         text         000000
__Htext0                        text0        000000
__Htext1                        text1        000000
__Htext2                        text2        000000
__Htext3                        text3        000000
__Htext4                        text4        000000
__Htext5                        text5        000000
__Htext6                        text6        000000
__Htext7                        text7        000000
__LRAM                          (abs)        000001
__Labs1                         abs1         000000
__Lbank0                        bank0        000000
__Lbank1                        bank1        000000
__Lbank2                        bank2        000000
__Lbank3                        bank3        000000
__Lbank4                        bank4        000000
__Lbank5                        bank5        000000
__Lbank6                        bank6        000000
__Lbank7                        bank7        000000
__Lbigbss                       bigbss       000000
__Lbigdata                      bigdata      000000
__Lbigram                       bigram       000000
__Lbss                          bss          000000
__Lcinit                        cinit        000000
__Lclrtext                      clrtext      000000
__Lcomram                       comram       000000
__Lconfig                       config       300000
__Lconst                        const        000000
__LcstackCOMRAM                 cstackCOMRAM 000000
__Ldata                         data         000000
__Leeprom_data                  eeprom_data  000000
__Lfarbss                       farbss       000000
__Lfardata                      fardata      000000
__Libigdata                     ibigdata     000000
__Lidata                        idata        000000
__Lidloc                        idloc        200000
__Lifardata                     ifardata     000000
__Linit                         init         001000
__Lintcode                      intcode      001000
__Lintcode_body                 intcode_body 000000
__Lintcodelo                    intcodelo    001000
__Lintentry                     intentry     000000
__Lintret                       intret       000000
__Lintsave_regs                 intsave_regs 000000
__Lirdata                       irdata       000000
__Lmediumconst                  mediumconst  000000
__LnvFARRAM                     nvFARRAM     000000
__Lnvbit                        nvbit        000000
__Lnvrram                       nvrram       000000
__Lparam                        rparam       000000
__Lpowerup                      powerup      001000
__Lram                          ram          000000
__Lramtop                       ramtop       000800
__Lrbit                         rbit         000000
__Lrbss                         rbss         000000
__Lrdata                        rdata        000000
__Lreset_vec                    reset_vec    001000
__Lrparam                       rparam       000000
__Lsfr                          sfr          000000
__Lsmallconst                   smallconst   000000
__Lspace_0                      (abs)        000000
__Lspace_1                      (abs)        000000
__Lspace_2                      (abs)        000000
__Lstack                        stack        000000
__Lstruct                       struct       000000
__Ltemp                         temp         000000
__Ltext                         text         000000
__Ltext0                        text0        000000
__Ltext1                        text1        000000
__Ltext2                        text2        000000
__Ltext3                        text3        000000
__Ltext4                        text4        000000
__Ltext5                        text5        000000
__Ltext6                        text6        000000
__Ltext7                        text7        000000
__S0                            (abs)        30000E
__S1                            (abs)        00000C
__S2                            (abs)        000000
___inthi_sp                     stack        000000
___intlo_sp                     stack        000000
___param_bank                   (abs)        000000
___rparam_used                  (abs)        000001
___sp                           stack        000000
__accesstop                     (abs)        000060
__activetblptr                  (abs)        000002
__end_of_I2C_LCD_Init           text4        007F3A
__end_of_I2C_LCD_WriteByte      text5        008000
__end_of_I2C_Master_Init        text3        007EEC
__end_of_I2C_Master_Start       text2        007EB0
__end_of_I2C_Master_Stop        text1        007EB8
__end_of_I2C_Master_Write       text7        007ECE
__end_of__initialization        cinit        007EB8
__end_of_main                   text0        007F0A
__end_of_rotateByte             text6        007F72
__initialization                cinit        007EB8
__mediumconst                   mediumconst  000000
__pcinit                        cinit        007EB8
__pcstackCOMRAM                 cstackCOMRAM 000001
__ptext0                        text0        007EEC
__ptext1                        text1        007EB0
__ptext2                        text2        007EA8
__ptext3                        text3        007ECE
__ptext4                        text4        007F0A
__ptext5                        text5        007F72
__ptext6                        text6        007F3A
__ptext7                        text7        007EC2
__ramtop                        ramtop       000800
__size_of_I2C_LCD_Init          (abs)        000000
__size_of_I2C_LCD_WriteByte     (abs)        000000
__size_of_I2C_Master_Init       (abs)        000000
__size_of_I2C_Master_Start      (abs)        000000
__size_of_I2C_Master_Stop       (abs)        000000
__size_of_I2C_Master_Write      (abs)        000000
__size_of_main                  (abs)        000000
__size_of_rotateByte            (abs)        000000
__smallconst                    smallconst   000000
_main                           text0        007EEC
_rotateByte                     text6        007F3A
end_of_initialization           cinit        007EB8
intlevel0                       text         000000
intlevel1                       text         000000
intlevel2                       text         000000
intlevel3                       text         000000
main@data                       cstackCOMRAM 00000B
rotateByte@byte                 cstackCOMRAM 000004
rotateByte@i                    cstackCOMRAM 000005
rotateByte@rotatedByte          cstackCOMRAM 000003
stackhi                         (abs)        0007FF
stacklo                         (abs)        000060
start                           init         001000
start_initialization            cinit        007EB8


FUNCTION INFORMATION:

 *************** function _main *****************
 Defined at:
		line 5 in file "main.c"
 Parameters:    Size  Location     Type
		None
 Auto vars:     Size  Location     Type
  data            1   10[COMRAM] unsigned char 
 Return value:  Size  Location     Type
                  1    wreg      void 
 Registers used:
		wreg, status,2, status,0, cstack
 Tracked objects:
		On entry : 
		On exit  : 
		Unchanged: 
 Data sizes:     COMRAM   BANK0   BANK1   BANK2   BANK3   BANK4   BANK5   BANK6   BANK7
      Params:         0       0       0       0       0       0       0       0       0
      Locals:         1       0       0       0       0       0       0       0       0
      Temps:          0       0       0       0       0       0       0       0       0
      Totals:         1       0       0       0       0       0       0       0       0
Total ram usage:        1 bytes
 Hardware stack levels required when called:    3
 This function calls:
		_I2C_LCD_Init
		_I2C_Master_Init
		_I2C_Master_Start
		_I2C_Master_Stop
 This function is called by:
		Startup code after reset
 This function uses a non-reentrant model


 *************** function _I2C_Master_Stop *****************
 Defined at:
		line 121 in file "i2c.c"
 Parameters:    Size  Location     Type
		None
 Auto vars:     Size  Location     Type
		None
 Return value:  Size  Location     Type
                  1    wreg      void 
 Registers used:
		status,2, status,0
 Tracked objects:
		On entry : 
		On exit  : 
		Unchanged: 
 Data sizes:     COMRAM   BANK0   BANK1   BANK2   BANK3   BANK4   BANK5   BANK6   BANK7
      Params:         0       0       0       0       0       0       0       0       0
      Locals:         0       0       0       0       0       0       0       0       0
      Temps:          0       0       0       0       0       0       0       0       0
      Totals:         0       0       0       0       0       0       0       0       0
Total ram usage:        0 bytes
 Hardware stack levels used:    1
 This function calls:
		Nothing
 This function is called by:
		_main
 This function uses a non-reentrant model


 *************** function _I2C_Master_Start *****************
 Defined at:
		line 84 in file "i2c.c"
 Parameters:    Size  Location     Type
		None
 Auto vars:     Size  Location     Type
		None
 Return value:  Size  Location     Type
                  1    wreg      unsigned char 
 Registers used:
		status,2, status,0
 Tracked objects:
		On entry : 
		On exit  : 
		Unchanged: 
 Data sizes:     COMRAM   BANK0   BANK1   BANK2   BANK3   BANK4   BANK5   BANK6   BANK7
      Params:         0       0       0       0       0       0       0       0       0
      Locals:         0       0       0       0       0       0       0       0       0
      Temps:          0       0       0       0       0       0       0       0       0
      Totals:         0       0       0       0       0       0       0       0       0
Total ram usage:        0 bytes
 Hardware stack levels used:    1
 This function calls:
		Nothing
 This function is called by:
		_main
 This function uses a non-reentrant model


 *************** function _I2C_Master_Init *****************
 Defined at:
		line 59 in file "i2c.c"
 Parameters:    Size  Location     Type
		None
 Auto vars:     Size  Location     Type
		None
 Return value:  Size  Location     Type
                  1    wreg      void 
 Registers used:
		wreg, status,2
 Tracked objects:
		On entry : 
		On exit  : 
		Unchanged: 
 Data sizes:     COMRAM   BANK0   BANK1   BANK2   BANK3   BANK4   BANK5   BANK6   BANK7
      Params:         0       0       0       0       0       0       0       0       0
      Locals:         0       0       0       0       0       0       0       0       0
      Temps:          0       0       0       0       0       0       0       0       0
      Totals:         0       0       0       0       0       0       0       0       0
Total ram usage:        0 bytes
 Hardware stack levels used:    1
 This function calls:
		Nothing
 This function is called by:
		_main
 This function uses a non-reentrant model


 *************** function _I2C_LCD_Init *****************
 Defined at:
		line 100 in file "i2c_LCD.c"
 Parameters:    Size  Location     Type
		None
 Auto vars:     Size  Location     Type
		None
 Return value:  Size  Location     Type
                  1    wreg      void 
 Registers used:
		wreg, status,2, status,0, cstack
 Tracked objects:
		On entry : 
		On exit  : 
		Unchanged: 
 Data sizes:     COMRAM   BANK0   BANK1   BANK2   BANK3   BANK4   BANK5   BANK6   BANK7
      Params:         0       0       0       0       0       0       0       0       0
      Locals:         0       0       0       0       0       0       0       0       0
      Temps:          0       0       0       0       0       0       0       0       0
      Totals:         0       0       0       0       0       0       0       0       0
Total ram usage:        0 bytes
 Hardware stack levels used:    1
 Hardware stack levels required when called:    2
 This function calls:
		_I2C_LCD_WriteByte
		_I2C_Master_Write
 This function is called by:
		_main
 This function uses a non-reentrant model


 *************** function _I2C_LCD_WriteByte *****************
 Defined at:
		line 55 in file "i2c_LCD.c"
 Parameters:    Size  Location     Type
  data            1    wreg     unsigned char 
  dataOrComman    1    5[COMRAM] enum E5880
 Auto vars:     Size  Location     Type
  data            1    6[COMRAM] unsigned char 
  rotatedByte     1    9[COMRAM] unsigned char 
  newByteToSen    1    8[COMRAM] unsigned char 
  byteToSend      1    7[COMRAM] unsigned char 
 Return value:  Size  Location     Type
                  1    wreg      void 
 Registers used:
		wreg, status,2, status,0, cstack
 Tracked objects:
		On entry : 
		On exit  : 
		Unchanged: 
 Data sizes:     COMRAM   BANK0   BANK1   BANK2   BANK3   BANK4   BANK5   BANK6   BANK7
      Params:         1       0       0       0       0       0       0       0       0
      Locals:         4       0       0       0       0       0       0       0       0
      Temps:          0       0       0       0       0       0       0       0       0
      Totals:         5       0       0       0       0       0       0       0       0
Total ram usage:        5 bytes
 Hardware stack levels used:    1
 Hardware stack levels required when called:    1
 This function calls:
		_I2C_Master_Write
		_rotateByte
 This function is called by:
		_I2C_LCD_Init
		_I2C_LCD_SendMsg
		_I2C_LCD_ClearLCD
 This function uses a non-reentrant model


 *************** function _rotateByte *****************
 Defined at:
		line 30 in file "i2c_LCD.c"
 Parameters:    Size  Location     Type
  byte            1    wreg     unsigned char 
 Auto vars:     Size  Location     Type
  byte            1    3[COMRAM] unsigned char 
  i               1    4[COMRAM] char 
  rotatedByte     1    2[COMRAM] unsigned char 
 Return value:  Size  Location     Type
                  1    wreg      unsigned char 
 Registers used:
		wreg, status,2, status,0
 Tracked objects:
		On entry : 
		On exit  : 
		Unchanged: 
 Data sizes:     COMRAM   BANK0   BANK1   BANK2   BANK3   BANK4   BANK5   BANK6   BANK7
      Params:         0       0       0       0       0       0       0       0       0
      Locals:         3       0       0       0       0       0       0       0       0
      Temps:          2       0       0       0       0       0       0       0       0
      Totals:         5       0       0       0       0       0       0       0       0
Total ram usage:        5 bytes
 Hardware stack levels used:    1
 This function calls:
		Nothing
 This function is called by:
		_I2C_LCD_WriteByte
 This function uses a non-reentrant model


 *************** function _I2C_Master_Write *****************
 Defined at:
		line 103 in file "i2c.c"
 Parameters:    Size  Location     Type
  data            1    wreg     unsigned char 
 Auto vars:     Size  Location     Type
  data            1    0[COMRAM] unsigned char 
 Return value:  Size  Location     Type
                  1    wreg      unsigned char 
 Registers used:
		wreg
 Tracked objects:
		On entry : 
		On exit  : 
		Unchanged: 
 Data sizes:     COMRAM   BANK0   BANK1   BANK2   BANK3   BANK4   BANK5   BANK6   BANK7
      Params:         0       0       0       0       0       0       0       0       0
      Locals:         1       0       0       0       0       0       0       0       0
      Temps:          0       0       0       0       0       0       0       0       0
      Totals:         1       0       0       0       0       0       0       0       0
Total ram usage:        1 bytes
 Hardware stack levels used:    1
 This function calls:
		Nothing
 This function is called by:
		_I2C_LCD_WriteByte
		_I2C_LCD_Init
 This function uses a non-reentrant model



MODULE INFORMATION

Module		Function		Class		Link	Load	Size
i2c.c
		_I2C_Master_Init		CODE           	7ECE	0000	31
		_I2C_Master_Stop		CODE           	7EB0	0000	9
		_I2C_Master_Write		CODE           	7EC2	0000	13
		_I2C_Master_Start		CODE           	7EA8	0000	9

i2c.c estimated size: 62

shared
		__initialization		CODE           	7EB8	0000	1

shared estimated size: 1

i2c_LCD.c
		_rotateByte    		CODE           	7F3A	0000	57
		_I2C_LCD_WriteByte		CODE           	7F72	0000	143
		_I2C_LCD_Init  		CODE           	7F0A	0000	49

i2c_LCD.c estimated size: 249

main.c
		_main          		CODE           	7EEC	0000	31

main.c estimated size: 31

