Microchip MPLAB XC8 Compiler V1.42 ()

Linker command line:

-W-3 --edf=C:\Program Files (x86)\Microchip\xc8\v1.42\dat\en_msgs.txt -cs \
  -h+dist/default/production\ADC.X.production.sym \
  --cmf=dist/default/production\ADC.X.production.cmf -z -Q18F45K50 \
  -oC:\Users\usuario\AppData\Local\Temp\sc38.2 \
  -Mdist/default/production/ADC.X.production.map -E1 -ver=XC8 \
  -ASTACK=0A6h-07ffh -pstack=STACK -ACODE=01000h-07FFFh \
  -ACONST=01000h-07FFFh -ASMALLCONST=01000h-010FFhx112 \
  -AMEDIUMCONST=01000h-07FFFh -ACOMRAM=01h-05Fh -AABS1=00h-07FFh \
  -ABIGRAM=01h-07FFh -ARAM=060h-0FFh,0100h-01FFhx7 -ABANK0=060h-0FFh \
  -ABANK1=0100h-01FFh -ABANK2=0200h-02FFh -ABANK3=0300h-03FFh \
  -ABANK4=0400h-04FFh -ABANK5=0500h-05FFh -ABANK6=0600h-06FFh \
  -ABANK7=0700h-07FFh -ASFR=0F53h-0F5Fh,0F60h-0FFFh \
  -preset_vec=01000h,intcode=01008h,intcodelo,powerup,init -pramtop=0800h \
  -psmallconst=SMALLCONST -pmediumconst=MEDIUMCONST -pconst=CONST \
  -AFARRAM=00h-00h -ACONFIG=0300000h-030000Dh -pconfig=CONFIG \
  -AIDLOC=0200000h-0200007h -pidloc=IDLOC -AEEDATA=0F00000h-0F000FFh \
  -peeprom_data=EEDATA \
  -prdata=COMRAM,nvrram=COMRAM,nvbit=COMRAM,rbss=COMRAM,rbit=COMRAM \
  -pfarbss=FARRAM,fardata=FARRAM,nvFARRAM=FARRAM \
  -pintsave_regs=BIGRAM,bigbss=BIGRAM,bigdata=BIGRAM -pbss=RAM \
  -pidata=CODE,irdata=CODE,ibigdata=CODE,ifardata=CODE -prparam=COMRAM \
  C:\Users\usuario\AppData\Local\Temp\sc38.obj \
  dist/default/production\ADC.X.production.obj 

Object code version is 3.11

Machine type is 18F45K50

Call graph: (short form)




                Name                               Link     Load   Length Selector   Space Scale
C:\Users\usuario\AppData\Local\Temp\sc38.obj
                init                               1082     1082        4      804       0
                reset_vec                          1000     1000        4      800       0
                idloc                            200000   200000        8   200000       0
                config                           300000   300000        E   300000       0
dist/default/production\ADC.X.production.obj
                intcode                            1008     1008       7A      804       0
                temp                                 26       26        1        1       1
                smallconst                         1086     1086        6      843       0
                text4                              1234     1234       14      846       0
                text3                              1248     1248        E      846       0
                text2                              108C     108C       CC      846       0
                text1                              1158     1158       90      846       0
                text0                              11E8     11E8       30      846       0
                cstackCOMRAM                          1        1       24        1       1
                bssBANK0                             60       60       46       60       1
                bssCOMRAM                            25       25        1        1       1
                cinit                              1218     1218       1C      846       0

TOTAL           Name                               Link     Load   Length     Space
        CLASS   STACK          

        CLASS   CODE           
                intcode                            1008     1008       7A         0
                init                               1082     1082        4         0
                reset_vec                          1000     1000        4         0
                text4                              1234     1234       14         0
                text3                              1248     1248        E         0
                text2                              108C     108C       CC         0
                text1                              1158     1158       90         0
                text0                              11E8     11E8       30         0
                cinit                              1218     1218       1C         0

        CLASS   CONST          

        CLASS   SMALLCONST     
                smallconst                         1086     1086        6         0

        CLASS   MEDIUMCONST    

        CLASS   COMRAM         
                temp                                 26       26        1         1
                cstackCOMRAM                          1        1       24         1
                bssCOMRAM                            25       25        1         1

        CLASS   ABS1           

        CLASS   BIGRAM         

        CLASS   RAM            

        CLASS   BANK0          
                bssBANK0                             60       60       46         1

        CLASS   BANK1          

        CLASS   BANK2          

        CLASS   BANK3          

        CLASS   BANK4          

        CLASS   BANK5          

        CLASS   BANK6          

        CLASS   BANK7          

        CLASS   SFR            

        CLASS   FARRAM         

        CLASS   CONFIG         
                config                           300000   300000        E         0

        CLASS   IDLOC          
                idloc                            200000   200000        8         0

        CLASS   EEDATA         



SEGMENTS        Name                           Load    Length   Top    Selector   Space  Class

                cstackCOMRAM                   000001  000026  000027         1       1  COMRAM  
                bssBANK0                       000060  000046  0000A6        60       1  BANK0   
                reset_vec                      001000  000004  001004       800       0  CODE    
                intcode                        001008  00007E  001086       804       0  CODE    
                smallconst                     001086  000006  00108C       843       0  SMALLCON
                text2                          00108C  0001CA  001256       846       0  CODE    
                idloc                          200000  000008  200008    200000       0  IDLOC   
                config                         300000  00000E  30000E    300000       0  CONFIG  


UNUSED ADDRESS RANGES

        Name                Unused          Largest block    Delta
        BANK0            0000A6-0000FF               5A
        BANK1            000100-0001FF              100
        BANK2            000200-0002FF              100
        BANK3            000300-0003FF              100
        BANK4            000400-0004FF              100
        BANK5            000500-0005FF              100
        BANK6            000600-0006FF              100
        BANK7            000700-0007FF              100
        BIGRAM           000027-00005F               39
                         0000A6-0007FF              75A
        CODE             001004-001007                4
                         001256-007FFF             6DAA
        COMRAM           000027-00005F               39
        CONST            001004-001007                4
                         001256-007FFF             6DAA
        EEDATA           F00000-F000FF              100
        FARRAM           000000-000000                1
        MEDIUMCONST      001004-001007                4
                         001256-007FFF             6DAA
        RAM              0000A6-0007FF              100
        SFR              000F53-000FFF                D
        SMALLCONST       001004-001007                4
                         001256-007FFF              100
        STACK            0000A6-0007FF              75A

                                  Symbol Table

?___aldiv                cstackCOMRAM 00000F
_ADCON0                  (abs)        000FC2
_ADCON0bits              (abs)        000FC2
_ADCON1                  (abs)        000FC1
_ADCON2                  (abs)        000FC0
_ADRESH                  (abs)        000FC4
_ADRESL                  (abs)        000FC3
_ANSELAbits              (abs)        000F5B
_ANSELC                  (abs)        000F5D
_ANSELD                  (abs)        000F5E
_BAUDCON1bits            (abs)        000FB8
_INTCONbits              (abs)        000FF2
_LATC                    (abs)        000F8B
_LATCbits                (abs)        000F8B
_LATD                    (abs)        000F8C
_PIE1bits                (abs)        000F9D
_PIR1bits                (abs)        000F9E
_RCREG1                  (abs)        000FAE
_RCSTA1bits              (abs)        000FAB
_SERIAL_BUFFER           bssBANK0     000060
_SPBRG1                  (abs)        000FAF
_SPBRGH1                 (abs)        000FB0
_TRISAbits               (abs)        000F92
_TRISC                   (abs)        000F94
_TRISCbits               (abs)        000F94
_TRISD                   (abs)        000F95
_TXREG1                  (abs)        000FAD
_TXSTA1bits              (abs)        000FAC
__HRAM                   (abs)        000000
__Habs1                  abs1         000000
__Hbank0                 bank0        000000
__Hbank1                 bank1        000000
__Hbank2                 bank2        000000
__Hbank3                 bank3        000000
__Hbank4                 bank4        000000
__Hbank5                 bank5        000000
__Hbank6                 bank6        000000
__Hbank7                 bank7        000000
__Hbigbss                bigbss       000000
__Hbigdata               bigdata      000000
__Hbigram                bigram       000000
__Hbss                   bss          000000
__HbssBANK0              bssBANK0     000000
__HbssCOMRAM             bssCOMRAM    000000
__Hcinit                 cinit        000000
__Hclrtext               clrtext      000000
__Hcomram                comram       000000
__Hconfig                config       30000E
__Hconst                 const        000000
__HcstackCOMRAM          cstackCOMRAM 000000
__Hdata                  data         000000
__Heeprom_data           eeprom_data  000000
__Hfarbss                farbss       000000
__Hfardata               fardata      000000
__Hibigdata              ibigdata     000000
__Hidata                 idata        000000
__Hidloc                 idloc        200008
__Hifardata              ifardata     000000
__Hinit                  init         001086
__Hintcode               intcode      001082
__Hintcode_body          intcode_body 000000
__Hintcodelo             intcodelo    001082
__Hintentry              intentry     000000
__Hintret                intret       000000
__Hintsave_regs          intsave_regs 000000
__Hirdata                irdata       000000
__Hmediumconst           mediumconst  000000
__HnvFARRAM              nvFARRAM     000000
__Hnvbit                 nvbit        000000
__Hnvrram                nvrram       000000
__Hparam                 rparam       000000
__Hpowerup               powerup      001082
__Hram                   ram          000000
__Hramtop                ramtop       000800
__Hrbit                  rbit         000000
__Hrbss                  rbss         000000
__Hrdata                 rdata        000000
__Hreset_vec             reset_vec    001004
__Hrparam                rparam       000000
__Hsfr                   sfr          000000
__Hsmallconst            smallconst   00108C
__Hspace_0               (abs)        30000E
__Hspace_1               (abs)        0000A6
__Hspace_2               (abs)        000000
__Hstack                 stack        000000
__Hstruct                struct       000000
__Htemp                  temp         000027
__Htext                  text         000000
__Htext0                 text0        000000
__Htext1                 text1        000000
__Htext2                 text2        000000
__Htext3                 text3        000000
__Htext4                 text4        000000
__LRAM                   (abs)        000001
__Labs1                  abs1         000000
__Lbank0                 bank0        000000
__Lbank1                 bank1        000000
__Lbank2                 bank2        000000
__Lbank3                 bank3        000000
__Lbank4                 bank4        000000
__Lbank5                 bank5        000000
__Lbank6                 bank6        000000
__Lbank7                 bank7        000000
__Lbigbss                bigbss       000000
__Lbigdata               bigdata      000000
__Lbigram                bigram       000000
__Lbss                   bss          000000
__LbssBANK0              bssBANK0     000000
__LbssCOMRAM             bssCOMRAM    000000
__Lcinit                 cinit        000000
__Lclrtext               clrtext      000000
__Lcomram                comram       000000
__Lconfig                config       300000
__Lconst                 const        000000
__LcstackCOMRAM          cstackCOMRAM 000000
__Ldata                  data         000000
__Leeprom_data           eeprom_data  000000
__Lfarbss                farbss       000000
__Lfardata               fardata      000000
__Libigdata              ibigdata     000000
__Lidata                 idata        000000
__Lidloc                 idloc        200000
__Lifardata              ifardata     000000
__Linit                  init         001082
__Lintcode               intcode      001008
__Lintcode_body          intcode_body 000000
__Lintcodelo             intcodelo    001082
__Lintentry              intentry     000000
__Lintret                intret       000000
__Lintsave_regs          intsave_regs 000000
__Lirdata                irdata       000000
__Lmediumconst           mediumconst  000000
__LnvFARRAM              nvFARRAM     000000
__Lnvbit                 nvbit        000000
__Lnvrram                nvrram       000000
__Lparam                 rparam       000000
__Lpowerup               powerup      001082
__Lram                   ram          000000
__Lramtop                ramtop       000800
__Lrbit                  rbit         000000
__Lrbss                  rbss         000000
__Lrdata                 rdata        000000
__Lreset_vec             reset_vec    001000
__Lrparam                rparam       000000
__Lsfr                   sfr          000000
__Lsmallconst            smallconst   001086
__Lspace_0               (abs)        000000
__Lspace_1               (abs)        000000
__Lspace_2               (abs)        000000
__Lstack                 stack        000000
__Lstruct                struct       000000
__Ltemp                  temp         000026
__Ltext                  text         000000
__Ltext0                 text0        000000
__Ltext1                 text1        000000
__Ltext2                 text2        000000
__Ltext3                 text3        000000
__Ltext4                 text4        000000
__S0                     (abs)        30000E
__S1                     (abs)        0000A6
__S2                     (abs)        000000
___aldiv                 text2        00108C
___aldiv@counter         cstackCOMRAM 000017
___aldiv@dividend        cstackCOMRAM 00000F
___aldiv@divisor         cstackCOMRAM 000013
___aldiv@quotient        cstackCOMRAM 000019
___aldiv@sign            cstackCOMRAM 000018
___inthi_sp              stack        000000
___intlo_sp              stack        000000
___param_bank            (abs)        000000
___rparam_used           (abs)        000001
___sp                    stack        000000
__accesstop              (abs)        000060
__activetblptr           (abs)        000002
__end_of___aldiv         text2        001158
__end_of__initialization cinit        001226
__end_of_analogInit      text4        001248
__end_of_high_isr        intcode      001082
__end_of_main            text0        001218
__end_of_send_char       text3        001256
__end_of_serial_config   text1        0011E8
__initialization         cinit        001218
__mediumconst            mediumconst  000000
__pbssBANK0              bssBANK0     000060
__pbssCOMRAM             bssCOMRAM    000025
__pcinit                 cinit        001218
__pcstackCOMRAM          cstackCOMRAM 000001
__pintcode               intcode      001008
__psmallconst            smallconst   001086
__ptext0                 text0        0011E8
__ptext1                 text1        001158
__ptext2                 text2        00108C
__ptext3                 text3        001248
__ptext4                 text4        001234
__ramtop                 ramtop       000800
__size_of___aldiv        (abs)        000000
__size_of_analogInit     (abs)        000000
__size_of_high_isr       (abs)        000000
__size_of_main           (abs)        000000
__size_of_send_char      (abs)        000000
__size_of_serial_config  (abs)        000000
__smallconst             smallconst   001086
_analogInit              text4        001234
_high_isr                intcode      001008
_lcd_pos                 bssCOMRAM    000025
_main                    text0        0011E8
_send_char               text3        001248
_serial_config           text1        001158
_serial_config$1288      cstackCOMRAM 00001F
btemp                    temp         000026
end_of_initialization    cinit        001226
int$flags                temp         000026
intlevel0                text         000000
intlevel1                text         000000
intlevel2                text         000000
intlevel3                text         000000
send_char@byte_to_send   cstackCOMRAM 00000F
serial_config@baud_rate  cstackCOMRAM 00001D
serial_config@temp       cstackCOMRAM 000023
stackhi                  (abs)        0007FF
stacklo                  (abs)        0000A6
start                    init         001082
start_initialization     cinit        001218


FUNCTION INFORMATION:

 *************** function _main *****************
 Defined at:
		line 30 in file "adc.c"
 Parameters:    Size  Location     Type
		None
 Auto vars:     Size  Location     Type
		None
 Return value:  Size  Location     Type
                  1    wreg      void 
 Registers used:
		wreg, status,2, status,0, cstack
 Tracked objects:
		On entry : 
		On exit  : 
		Unchanged: 
 Data sizes:     COMRAM   BANK0   BANK1   BANK2   BANK3   BANK4   BANK5   BANK6   BANK7
      Params:         0       0       0       0       0       0       0       0       0
      Locals:         0       0       0       0       0       0       0       0       0
      Temps:          0       0       0       0       0       0       0       0       0
      Totals:         0       0       0       0       0       0       0       0       0
Total ram usage:        0 bytes
 Hardware stack levels required when called:    3
 This function calls:
		_analogInit
		_send_char
		_serial_config
 This function is called by:
		Startup code after reset
 This function uses a non-reentrant model


 *************** function _serial_config *****************
 Defined at:
		line 32 in file "serial.h"
 Parameters:    Size  Location     Type
  baud_rate       2   28[COMRAM] unsigned int 
 Auto vars:     Size  Location     Type
  temp            2   34[COMRAM] unsigned int 
 Return value:  Size  Location     Type
                  1    wreg      void 
 Registers used:
		wreg, status,2, status,0, cstack
 Tracked objects:
		On entry : 
		On exit  : 
		Unchanged: 
 Data sizes:     COMRAM   BANK0   BANK1   BANK2   BANK3   BANK4   BANK5   BANK6   BANK7
      Params:         2       0       0       0       0       0       0       0       0
      Locals:         6       0       0       0       0       0       0       0       0
      Temps:          0       0       0       0       0       0       0       0       0
      Totals:         8       0       0       0       0       0       0       0       0
Total ram usage:        8 bytes
 Hardware stack levels used:    1
 Hardware stack levels required when called:    2
 This function calls:
		___aldiv
 This function is called by:
		_main
 This function uses a non-reentrant model


 *************** function ___aldiv *****************
 Defined at:
		line 8 in file "C:\Program Files (x86)\Microchip\xc8\v1.42\sources\common\aldiv.c"
 Parameters:    Size  Location     Type
  dividend        4   14[COMRAM] long 
  divisor         4   18[COMRAM] long 
 Auto vars:     Size  Location     Type
  quotient        4   24[COMRAM] long 
  sign            1   23[COMRAM] unsigned char 
  counter         1   22[COMRAM] unsigned char 
 Return value:  Size  Location     Type
                  4   14[COMRAM] long 
 Registers used:
		wreg, status,2, status,0
 Tracked objects:
		On entry : 
		On exit  : 
		Unchanged: 
 Data sizes:     COMRAM   BANK0   BANK1   BANK2   BANK3   BANK4   BANK5   BANK6   BANK7
      Params:         8       0       0       0       0       0       0       0       0
      Locals:         6       0       0       0       0       0       0       0       0
      Temps:          0       0       0       0       0       0       0       0       0
      Totals:        14       0       0       0       0       0       0       0       0
Total ram usage:       14 bytes
 Hardware stack levels used:    1
 Hardware stack levels required when called:    1
 This function calls:
		Nothing
 This function is called by:
		_serial_config
 This function uses a non-reentrant model


 *************** function _send_char *****************
 Defined at:
		line 182 in file "serial.h"
 Parameters:    Size  Location     Type
  byte_to_send    1    wreg     unsigned char 
 Auto vars:     Size  Location     Type
  byte_to_send    1   14[COMRAM] unsigned char 
 Return value:  Size  Location     Type
                  1    wreg      unsigned char 
 Registers used:
		wreg
 Tracked objects:
		On entry : 
		On exit  : 
		Unchanged: 
 Data sizes:     COMRAM   BANK0   BANK1   BANK2   BANK3   BANK4   BANK5   BANK6   BANK7
      Params:         0       0       0       0       0       0       0       0       0
      Locals:         1       0       0       0       0       0       0       0       0
      Temps:          0       0       0       0       0       0       0       0       0
      Totals:         1       0       0       0       0       0       0       0       0
Total ram usage:        1 bytes
 Hardware stack levels used:    1
 Hardware stack levels required when called:    1
 This function calls:
		Nothing
 This function is called by:
		_main
 This function uses a non-reentrant model


 *************** function _analogInit *****************
 Defined at:
		line 76 in file "adc.h"
 Parameters:    Size  Location     Type
		None
 Auto vars:     Size  Location     Type
		None
 Return value:  Size  Location     Type
                  1    wreg      void 
 Registers used:
		wreg, status,2
 Tracked objects:
		On entry : 
		On exit  : 
		Unchanged: 
 Data sizes:     COMRAM   BANK0   BANK1   BANK2   BANK3   BANK4   BANK5   BANK6   BANK7
      Params:         0       0       0       0       0       0       0       0       0
      Locals:         0       0       0       0       0       0       0       0       0
      Temps:          0       0       0       0       0       0       0       0       0
      Totals:         0       0       0       0       0       0       0       0       0
Total ram usage:        0 bytes
 Hardware stack levels used:    1
 Hardware stack levels required when called:    1
 This function calls:
		Nothing
 This function is called by:
		_main
 This function uses a non-reentrant model


 *************** function _high_isr *****************
 Defined at:
		line 23 in file "adc.c"
 Parameters:    Size  Location     Type
		None
 Auto vars:     Size  Location     Type
		None
 Return value:  Size  Location     Type
                  1    wreg      void 
 Registers used:
		None
 Tracked objects:
		On entry : 
		On exit  : 
		Unchanged: 
 Data sizes:     COMRAM   BANK0   BANK1   BANK2   BANK3   BANK4   BANK5   BANK6   BANK7
      Params:         0       0       0       0       0       0       0       0       0
      Locals:         0       0       0       0       0       0       0       0       0
      Temps:         14       0       0       0       0       0       0       0       0
      Totals:        14       0       0       0       0       0       0       0       0
Total ram usage:       14 bytes
 Hardware stack levels used:    1
 This function calls:
		Nothing
 This function is called by:
		Interrupt level 2
 This function uses a non-reentrant model



MODULE INFORMATION

Module		Function		Class		Link	Load	Size
serial.h
		_serial_config 		CODE           	1158	0000	145
		_send_char     		CODE           	1248	0000	15

serial.h estimated size: 160

C:\Program Files (x86)\Microchip\xc8\v1.42\sources\common\aldiv.c
		___aldiv       		CODE           	108C	0000	205

C:\Program Files (x86)\Microchip\xc8\v1.42\sources\common\aldiv.c estimated size: 205

adc.c
		_main          		CODE           	11E8	0000	49
		_high_isr      		CODE           	1008	0000	123

adc.c estimated size: 172

adc.h
		_analogInit    		CODE           	1234	0000	21

adc.h estimated size: 21

shared
		__initialization		CODE           	1218	0000	15

shared estimated size: 15

