Microchip MPLAB XC8 Compiler V1.42 ()

Linker command line:

-W-3 --edf=C:\Program Files (x86)\Microchip\xc8\v1.42\dat\en_msgs.txt -cs \
  -h+dist/default/production\TIMERS.X.production.sym \
  --cmf=dist/default/production\TIMERS.X.production.cmf -z -Q18F45K50 \
  -oC:\Users\usuario\AppData\Local\Temp\s211c.2 \
  -Mdist/default/production/TIMERS.X.production.map -E1 -ver=XC8 \
  -ASTACK=09Ch-07ffh -pstack=STACK -ACODE=01000h-07FFFh \
  -ACONST=01000h-07FFFh -ASMALLCONST=01000h-010FFhx112 \
  -AMEDIUMCONST=01000h-07FFFh -ACOMRAM=01h-05Fh -AABS1=00h-07FFh \
  -ABIGRAM=01h-07FFh -ARAM=060h-0FFh,0100h-01FFhx7 -ABANK0=060h-0FFh \
  -ABANK1=0100h-01FFh -ABANK2=0200h-02FFh -ABANK3=0300h-03FFh \
  -ABANK4=0400h-04FFh -ABANK5=0500h-05FFh -ABANK6=0600h-06FFh \
  -ABANK7=0700h-07FFh -ASFR=0F53h-0F5Fh,0F60h-0FFFh \
  -preset_vec=01000h,intcode=01008h,intcodelo,powerup,init -pramtop=0800h \
  -psmallconst=SMALLCONST -pmediumconst=MEDIUMCONST -pconst=CONST \
  -AFARRAM=00h-00h -ACONFIG=0300000h-030000Dh -pconfig=CONFIG \
  -AIDLOC=0200000h-0200007h -pidloc=IDLOC -AEEDATA=0F00000h-0F000FFh \
  -peeprom_data=EEDATA \
  -prdata=COMRAM,nvrram=COMRAM,nvbit=COMRAM,rbss=COMRAM,rbit=COMRAM \
  -pfarbss=FARRAM,fardata=FARRAM,nvFARRAM=FARRAM \
  -pintsave_regs=BIGRAM,bigbss=BIGRAM,bigdata=BIGRAM -pbss=RAM \
  -pidata=CODE,irdata=CODE,ibigdata=CODE,ifardata=CODE -prparam=COMRAM \
  C:\Users\usuario\AppData\Local\Temp\s211c.obj \
  dist/default/production\TIMERS.X.production.obj 

Object code version is 3.11

Machine type is 18F45K50

Call graph: (short form)




                Name                               Link     Load   Length Selector   Space Scale
C:\Users\usuario\AppData\Local\Temp\s211c.obj
                init                               10C6     10C6        4      804       0
                reset_vec                          1000     1000        4      800       0
                idloc                            200000   200000        8   200000       0
                config                           300000   300000        E   300000       0
dist/default/production\TIMERS.X.production.obj
                intcode                            1008     1008       BE      804       0
                temp                                 4B       4B        1        1       1
                text22                             1A54     1A54       AE      804       0
                text21                             1332     1332      1AC      804       0
                text20                             196E     196E       E6      804       0
                text19                             1F5E     1F5E       24      804       0
                text18                             187A     187A       F4      804       0
                text17                             1F3A     1F3A       24      804       0
                text16                             1DFE     1DFE       8E      804       0
                text15                             1D70     1D70       8E      804       0
                text14                             1CE2     1CE2       8E      804       0
                text12                             1FC2     1FC2       1C      804       0
                text11                             176E     176E      10C      804       0
                text10                             10CA     10CA      268      804       0
                text9                              14DE     14DE      14C      804       0
                text8                              1EE0     1EE0       30      804       0
                text7                              162A     162A      144      804       0
                text6                              1F10     1F10       2A      804       0
                text5                              1C42     1C42       A0      804       0
                text4                              1FA2     1FA2       20      804       0
                text3                              1BA2     1BA2       A0      804       0
                text2                              1F82     1F82       20      804       0
                text1                              1B02     1B02       A0      804       0
                text0                              1E8C     1E8C       54      804       0
                cstackCOMRAM                          1        1       4A        1       1
                cstackBANK0                          60       60       3C       60       1
                cinit                              1FDE     1FDE        A      804       0

TOTAL           Name                               Link     Load   Length     Space
        CLASS   STACK          

        CLASS   CODE           
                intcode                            1008     1008       BE         0
                init                               10C6     10C6        4         0
                reset_vec                          1000     1000        4         0
                text22                             1A54     1A54       AE         0
                text21                             1332     1332      1AC         0
                text20                             196E     196E       E6         0
                text19                             1F5E     1F5E       24         0
                text18                             187A     187A       F4         0
                text17                             1F3A     1F3A       24         0
                text16                             1DFE     1DFE       8E         0
                text15                             1D70     1D70       8E         0
                text14                             1CE2     1CE2       8E         0
                text12                             1FC2     1FC2       1C         0
                text11                             176E     176E      10C         0
                text10                             10CA     10CA      268         0
                text9                              14DE     14DE      14C         0
                text8                              1EE0     1EE0       30         0
                text7                              162A     162A      144         0
                text6                              1F10     1F10       2A         0
                text5                              1C42     1C42       A0         0
                text4                              1FA2     1FA2       20         0
                text3                              1BA2     1BA2       A0         0
                text2                              1F82     1F82       20         0
                text1                              1B02     1B02       A0         0
                text0                              1E8C     1E8C       54         0
                cinit                              1FDE     1FDE        A         0

        CLASS   CONST          

        CLASS   SMALLCONST     

        CLASS   MEDIUMCONST    

        CLASS   COMRAM         
                temp                                 4B       4B        1         1
                cstackCOMRAM                          1        1       4A         1

        CLASS   ABS1           

        CLASS   BIGRAM         

        CLASS   RAM            

        CLASS   BANK0          
                cstackBANK0                          60       60       3C         1

        CLASS   BANK1          

        CLASS   BANK2          

        CLASS   BANK3          

        CLASS   BANK4          

        CLASS   BANK5          

        CLASS   BANK6          

        CLASS   BANK7          

        CLASS   SFR            

        CLASS   FARRAM         

        CLASS   CONFIG         
                config                           300000   300000        E         0

        CLASS   IDLOC          
                idloc                            200000   200000        8         0

        CLASS   EEDATA         



SEGMENTS        Name                           Load    Length   Top    Selector   Space  Class

                cstackCOMRAM                   000001  00004B  00004C         1       1  COMRAM  
                cstackBANK0                    000060  00003C  00009C        60       1  BANK0   
                reset_vec                      001000  000004  001004       800       0  CODE    
                intcode                        001008  000FE0  001FE8       804       0  CODE    
                idloc                          200000  000008  200008    200000       0  IDLOC   
                config                         300000  00000E  30000E    300000       0  CONFIG  


UNUSED ADDRESS RANGES

        Name                Unused          Largest block    Delta
        BANK0            00009C-0000FF               64
        BANK1            000100-0001FF              100
        BANK2            000200-0002FF              100
        BANK3            000300-0003FF              100
        BANK4            000400-0004FF              100
        BANK5            000500-0005FF              100
        BANK6            000600-0006FF              100
        BANK7            000700-0007FF              100
        BIGRAM           00004C-00005F               14
                         00009C-0007FF              764
        CODE             001004-001007                4
                         001FE8-007FFF             6018
        COMRAM           00004C-00005F               14
        CONST            001004-001007                4
                         001FE8-007FFF             6018
        EEDATA           F00000-F000FF              100
        FARRAM           000000-000000                1
        MEDIUMCONST      001004-001007                4
                         001FE8-007FFF             6018
        RAM              00009C-0007FF              100
        SFR              000F53-000FFF                D
        SMALLCONST       001004-001007                4
                         001FE8-007FFF              100
        STACK            00009C-0007FF              764

                                  Symbol Table

?___ftadd                      cstackBANK0  00007D
?___ftdiv                      cstackBANK0  00006B
?___ftneg                      cstackBANK0  00007A
?___ftpack                     cstackBANK0  000060
?___fttol                      cstackBANK0  000089
?___lwtoft                     cstackBANK0  000068
?i2___ftadd                    cstackCOMRAM 00001E
?i2___ftdiv                    cstackCOMRAM 00000C
?i2___ftneg                    cstackCOMRAM 00001B
?i2___ftpack                   cstackCOMRAM 000001
?i2___fttol                    cstackCOMRAM 00002A
?i2___lwtoft                   cstackCOMRAM 000009
TMR0_Config@clock_source       cstackBANK0  000061
TMR0_Config@preescaler         cstackBANK0  000060
TMR0_StartCount@milliseconds   cstackBANK0  000098
TMR0_StartCount@temp_time      cstackBANK0  00009A
TMR1_Config@clock_source       cstackBANK0  000060
TMR1_StartCount@milliseconds   cstackBANK0  000098
TMR1_StartCount@temp_time      cstackBANK0  00009A
TMR3_Config@clock_source       cstackBANK0  000060
TMR3_StartCount@milliseconds   cstackBANK0  000098
TMR3_StartCount@temp_time      cstackBANK0  00009A
_ANSELB                        (abs)        000F5C
_INTCON                        (abs)        000FF2
_INTCONbits                    (abs)        000FF2
_LATB                          (abs)        000F8A
_PIE1bits                      (abs)        000F9D
_PIE2bits                      (abs)        000FA0
_PIR1                          (abs)        000F9E
_PIR1bits                      (abs)        000F9E
_PIR2                          (abs)        000FA1
_PIR2bits                      (abs)        000FA1
_T0CON                         (abs)        000FD5
_T0CONbits                     (abs)        000FD5
_T1CON                         (abs)        000FCD
_T1CONbits                     (abs)        000FCD
_T3CON                         (abs)        000FB1
_T3CONbits                     (abs)        000FB1
_TMR0H                         (abs)        000FD7
_TMR0L                         (abs)        000FD6
_TMR0_Config                   text12       001FC2
_TMR0_StartCount               text5        001C42
_TMR1H                         (abs)        000FCF
_TMR1L                         (abs)        000FCE
_TMR1_Config                   text4        001FA2
_TMR1_StartCount               text3        001BA2
_TMR3H                         (abs)        000FB3
_TMR3L                         (abs)        000FB2
_TMR3_Config                   text2        001F82
_TMR3_StartCount               text1        001B02
_TRISB                         (abs)        000F93
__HRAM                         (abs)        000000
__Habs1                        abs1         000000
__Hbank0                       bank0        000000
__Hbank1                       bank1        000000
__Hbank2                       bank2        000000
__Hbank3                       bank3        000000
__Hbank4                       bank4        000000
__Hbank5                       bank5        000000
__Hbank6                       bank6        000000
__Hbank7                       bank7        000000
__Hbigbss                      bigbss       000000
__Hbigdata                     bigdata      000000
__Hbigram                      bigram       000000
__Hbss                         bss          000000
__Hcinit                       cinit        000000
__Hclrtext                     clrtext      000000
__Hcomram                      comram       000000
__Hconfig                      config       30000E
__Hconst                       const        000000
__HcstackBANK0                 cstackBANK0  000000
__HcstackCOMRAM                cstackCOMRAM 000000
__Hdata                        data         000000
__Heeprom_data                 eeprom_data  000000
__Hfarbss                      farbss       000000
__Hfardata                     fardata      000000
__Hibigdata                    ibigdata     000000
__Hidata                       idata        000000
__Hidloc                       idloc        200008
__Hifardata                    ifardata     000000
__Hinit                        init         0010CA
__Hintcode                     intcode      0010C6
__Hintcode_body                intcode_body 000000
__Hintcodelo                   intcodelo    0010C6
__Hintentry                    intentry     000000
__Hintret                      intret       000000
__Hintsave_regs                intsave_regs 000000
__Hirdata                      irdata       000000
__Hmediumconst                 mediumconst  000000
__HnvFARRAM                    nvFARRAM     000000
__Hnvbit                       nvbit        000000
__Hnvrram                      nvrram       000000
__Hparam                       rparam       000000
__Hpowerup                     powerup      0010C6
__Hram                         ram          000000
__Hramtop                      ramtop       000800
__Hrbit                        rbit         000000
__Hrbss                        rbss         000000
__Hrdata                       rdata        000000
__Hreset_vec                   reset_vec    001004
__Hrparam                      rparam       000000
__Hsfr                         sfr          000000
__Hsmallconst                  smallconst   000000
__Hspace_0                     (abs)        30000E
__Hspace_1                     (abs)        00009C
__Hspace_2                     (abs)        000000
__Hstack                       stack        000000
__Hstruct                      struct       000000
__Htemp                        temp         00004C
__Htext                        text         000000
__Htext0                       text0        000000
__Htext1                       text1        000000
__Htext10                      text10       000000
__Htext11                      text11       000000
__Htext12                      text12       000000
__Htext14                      text14       000000
__Htext15                      text15       000000
__Htext16                      text16       000000
__Htext17                      text17       000000
__Htext18                      text18       000000
__Htext19                      text19       000000
__Htext2                       text2        000000
__Htext20                      text20       000000
__Htext21                      text21       000000
__Htext22                      text22       000000
__Htext3                       text3        000000
__Htext4                       text4        000000
__Htext5                       text5        000000
__Htext6                       text6        000000
__Htext7                       text7        000000
__Htext8                       text8        000000
__Htext9                       text9        000000
__LRAM                         (abs)        000001
__Labs1                        abs1         000000
__Lbank0                       bank0        000000
__Lbank1                       bank1        000000
__Lbank2                       bank2        000000
__Lbank3                       bank3        000000
__Lbank4                       bank4        000000
__Lbank5                       bank5        000000
__Lbank6                       bank6        000000
__Lbank7                       bank7        000000
__Lbigbss                      bigbss       000000
__Lbigdata                     bigdata      000000
__Lbigram                      bigram       000000
__Lbss                         bss          000000
__Lcinit                       cinit        000000
__Lclrtext                     clrtext      000000
__Lcomram                      comram       000000
__Lconfig                      config       300000
__Lconst                       const        000000
__LcstackBANK0                 cstackBANK0  000000
__LcstackCOMRAM                cstackCOMRAM 000000
__Ldata                        data         000000
__Leeprom_data                 eeprom_data  000000
__Lfarbss                      farbss       000000
__Lfardata                     fardata      000000
__Libigdata                    ibigdata     000000
__Lidata                       idata        000000
__Lidloc                       idloc        200000
__Lifardata                    ifardata     000000
__Linit                        init         0010C6
__Lintcode                     intcode      001008
__Lintcode_body                intcode_body 000000
__Lintcodelo                   intcodelo    0010C6
__Lintentry                    intentry     000000
__Lintret                      intret       000000
__Lintsave_regs                intsave_regs 000000
__Lirdata                      irdata       000000
__Lmediumconst                 mediumconst  000000
__LnvFARRAM                    nvFARRAM     000000
__Lnvbit                       nvbit        000000
__Lnvrram                      nvrram       000000
__Lparam                       rparam       000000
__Lpowerup                     powerup      0010C6
__Lram                         ram          000000
__Lramtop                      ramtop       000800
__Lrbit                        rbit         000000
__Lrbss                        rbss         000000
__Lrdata                       rdata        000000
__Lreset_vec                   reset_vec    001000
__Lrparam                      rparam       000000
__Lsfr                         sfr          000000
__Lsmallconst                  smallconst   000000
__Lspace_0                     (abs)        000000
__Lspace_1                     (abs)        000000
__Lspace_2                     (abs)        000000
__Lstack                       stack        000000
__Lstruct                      struct       000000
__Ltemp                        temp         00004B
__Ltext                        text         000000
__Ltext0                       text0        000000
__Ltext1                       text1        000000
__Ltext10                      text10       000000
__Ltext11                      text11       000000
__Ltext12                      text12       000000
__Ltext14                      text14       000000
__Ltext15                      text15       000000
__Ltext16                      text16       000000
__Ltext17                      text17       000000
__Ltext18                      text18       000000
__Ltext19                      text19       000000
__Ltext2                       text2        000000
__Ltext20                      text20       000000
__Ltext21                      text21       000000
__Ltext22                      text22       000000
__Ltext3                       text3        000000
__Ltext4                       text4        000000
__Ltext5                       text5        000000
__Ltext6                       text6        000000
__Ltext7                       text7        000000
__Ltext8                       text8        000000
__Ltext9                       text9        000000
__S0                           (abs)        30000E
__S1                           (abs)        00009C
__S2                           (abs)        000000
___ftadd                       text10       0010CA
___ftadd@exp1                  cstackBANK0  000088
___ftadd@exp2                  cstackBANK0  000087
___ftadd@f1                    cstackBANK0  00007D
___ftadd@f2                    cstackBANK0  000080
___ftadd@sign                  cstackBANK0  000086
___ftdiv                       text9        0014DE
___ftdiv@cntr                  cstackBANK0  000074
___ftdiv@exp                   cstackBANK0  000078
___ftdiv@f1                    cstackBANK0  00006B
___ftdiv@f2                    cstackBANK0  00006E
___ftdiv@f3                    cstackBANK0  000075
___ftdiv@sign                  cstackBANK0  000079
___ftneg                       text8        001EE0
___ftneg@f1                    cstackBANK0  00007A
___ftpack                      text11       00176E
___ftpack@arg                  cstackBANK0  000060
___ftpack@exp                  cstackBANK0  000063
___ftpack@sign                 cstackBANK0  000064
___fttol                       text7        00162A
___fttol@exp1                  cstackBANK0  000097
___fttol@f1                    cstackBANK0  000089
___fttol@lval                  cstackBANK0  000093
___fttol@sign1                 cstackBANK0  000092
___inthi_sp                    stack        000000
___intlo_sp                    stack        000000
___lwtoft                      text6        001F10
___lwtoft@c                    cstackBANK0  000068
___param_bank                  (abs)        000000
___rparam_used                 (abs)        000001
___sp                          stack        000000
__accesstop                    (abs)        000060
__activetblptr                 (abs)        000000
__end_of_TMR0_Config           text12       001FDE
__end_of_TMR0_StartCount       text5        001CE2
__end_of_TMR1_Config           text4        001FC2
__end_of_TMR1_StartCount       text3        001C42
__end_of_TMR3_Config           text2        001FA2
__end_of_TMR3_StartCount       text1        001BA2
__end_of___ftadd               text10       001332
__end_of___ftdiv               text9        00162A
__end_of___ftneg               text8        001F10
__end_of___ftpack              text11       00187A
__end_of___fttol               text7        00176E
__end_of___lwtoft              text6        001F3A
__end_of__initialization       cinit        001FDE
__end_of_high_isr              intcode      0010C6
__end_of_main                  text0        001EE0
__end_ofi2_TMR0_StartCount     text16       001E8C
__end_ofi2_TMR1_StartCount     text15       001DFE
__end_ofi2_TMR3_StartCount     text14       001D70
__end_ofi2___ftadd             text21       0014DE
__end_ofi2___ftdiv             text20       001A54
__end_ofi2___ftneg             text19       001F82
__end_ofi2___ftpack            text22       001B02
__end_ofi2___fttol             text18       00196E
__end_ofi2___lwtoft            text17       001F5E
__initialization               cinit        001FDE
__mediumconst                  mediumconst  000000
__pcinit                       cinit        001FDE
__pcstackBANK0                 cstackBANK0  000060
__pcstackCOMRAM                cstackCOMRAM 000001
__pintcode                     intcode      001008
__ptext0                       text0        001E8C
__ptext1                       text1        001B02
__ptext10                      text10       0010CA
__ptext11                      text11       00176E
__ptext12                      text12       001FC2
__ptext14                      text14       001CE2
__ptext15                      text15       001D70
__ptext16                      text16       001DFE
__ptext17                      text17       001F3A
__ptext18                      text18       00187A
__ptext19                      text19       001F5E
__ptext2                       text2        001F82
__ptext20                      text20       00196E
__ptext21                      text21       001332
__ptext22                      text22       001A54
__ptext3                       text3        001BA2
__ptext4                       text4        001FA2
__ptext5                       text5        001C42
__ptext6                       text6        001F10
__ptext7                       text7        00162A
__ptext8                       text8        001EE0
__ptext9                       text9        0014DE
__ramtop                       ramtop       000800
__size_of_TMR0_Config          (abs)        000000
__size_of_TMR0_StartCount      (abs)        000000
__size_of_TMR1_Config          (abs)        000000
__size_of_TMR1_StartCount      (abs)        000000
__size_of_TMR3_Config          (abs)        000000
__size_of_TMR3_StartCount      (abs)        000000
__size_of___ftadd              (abs)        000000
__size_of___ftdiv              (abs)        000000
__size_of___ftneg              (abs)        000000
__size_of___ftpack             (abs)        000000
__size_of___fttol              (abs)        000000
__size_of___lwtoft             (abs)        000000
__size_of_high_isr             (abs)        000000
__size_of_main                 (abs)        000000
__size_ofi2_TMR0_StartCount    (abs)        000000
__size_ofi2_TMR1_StartCount    (abs)        000000
__size_ofi2_TMR3_StartCount    (abs)        000000
__size_ofi2___ftadd            (abs)        000000
__size_ofi2___ftdiv            (abs)        000000
__size_ofi2___ftneg            (abs)        000000
__size_ofi2___ftpack           (abs)        000000
__size_ofi2___fttol            (abs)        000000
__size_ofi2___lwtoft           (abs)        000000
__smallconst                   smallconst   000000
_high_isr                      intcode      001008
_main                          text0        001E8C
btemp                          temp         00004B
end_of_initialization          cinit        001FDE
i2TMR0_StartCount@milliseconds cstackCOMRAM 000039
i2TMR0_StartCount@temp_time    cstackCOMRAM 00003B
i2TMR1_StartCount@milliseconds cstackCOMRAM 000039
i2TMR1_StartCount@temp_time    cstackCOMRAM 00003B
i2TMR3_StartCount@milliseconds cstackCOMRAM 000039
i2TMR3_StartCount@temp_time    cstackCOMRAM 00003B
i2_TMR0_StartCount             text16       001DFE
i2_TMR1_StartCount             text15       001D70
i2_TMR3_StartCount             text14       001CE2
i2___ftadd                     text21       001332
i2___ftadd@exp1                cstackCOMRAM 000029
i2___ftadd@exp2                cstackCOMRAM 000028
i2___ftadd@f1                  cstackCOMRAM 00001E
i2___ftadd@f2                  cstackCOMRAM 000021
i2___ftadd@sign                cstackCOMRAM 000027
i2___ftdiv                     text20       00196E
i2___ftdiv@cntr                cstackCOMRAM 000015
i2___ftdiv@exp                 cstackCOMRAM 000019
i2___ftdiv@f1                  cstackCOMRAM 00000C
i2___ftdiv@f2                  cstackCOMRAM 00000F
i2___ftdiv@f3                  cstackCOMRAM 000016
i2___ftdiv@sign                cstackCOMRAM 00001A
i2___ftneg                     text19       001F5E
i2___ftneg@f1                  cstackCOMRAM 00001B
i2___ftpack                    text22       001A54
i2___ftpack@arg                cstackCOMRAM 000001
i2___ftpack@exp                cstackCOMRAM 000004
i2___ftpack@sign               cstackCOMRAM 000005
i2___fttol                     text18       00187A
i2___fttol@exp1                cstackCOMRAM 000038
i2___fttol@f1                  cstackCOMRAM 00002A
i2___fttol@lval                cstackCOMRAM 000034
i2___fttol@sign1               cstackCOMRAM 000033
i2___lwtoft                    text17       001F3A
i2___lwtoft@c                  cstackCOMRAM 000009
int$flags                      temp         00004B
intlevel0                      text         000000
intlevel1                      text         000000
intlevel2                      text         000000
intlevel3                      text         000000
stackhi                        (abs)        0007FF
stacklo                        (abs)        00009C
start                          init         0010C6
start_initialization           cinit        001FDE


FUNCTION INFORMATION:

 *************** function _main *****************
 Defined at:
		line 39 in file "main.c"
 Parameters:    Size  Location     Type
		None
 Auto vars:     Size  Location     Type
		None
 Return value:  Size  Location     Type
                  1    wreg      void 
 Registers used:
		wreg, status,2, status,0, cstack
 Tracked objects:
		On entry : 
		On exit  : 
		Unchanged: 
 Data sizes:     COMRAM   BANK0   BANK1   BANK2   BANK3   BANK4   BANK5   BANK6   BANK7
      Params:         0       0       0       0       0       0       0       0       0
      Locals:         0       0       0       0       0       0       0       0       0
      Temps:          0       0       0       0       0       0       0       0       0
      Totals:         0       0       0       0       0       0       0       0       0
Total ram usage:        0 bytes
 Hardware stack levels required when called:    7
 This function calls:
		_TMR0_Config
		_TMR0_StartCount
		_TMR1_Config
		_TMR1_StartCount
		_TMR3_Config
		_TMR3_StartCount
 This function is called by:
		Startup code after reset
 This function uses a non-reentrant model


 *************** function _TMR3_StartCount *****************
 Defined at:
		line 238 in file "timers.c"
 Parameters:    Size  Location     Type
  milliseconds    2   56[BANK0 ] unsigned short 
 Auto vars:     Size  Location     Type
  temp_time       2   58[BANK0 ] unsigned short 
 Return value:  Size  Location     Type
                  1    wreg      void 
 Registers used:
		wreg, status,2, status,0, cstack
 Tracked objects:
		On entry : 
		On exit  : 
		Unchanged: 
 Data sizes:     COMRAM   BANK0   BANK1   BANK2   BANK3   BANK4   BANK5   BANK6   BANK7
      Params:         0       2       0       0       0       0       0       0       0
      Locals:         0       2       0       0       0       0       0       0       0
      Temps:          0       0       0       0       0       0       0       0       0
      Totals:         0       4       0       0       0       0       0       0       0
Total ram usage:        4 bytes
 Hardware stack levels used:    1
 Hardware stack levels required when called:    6
 This function calls:
		___ftadd
		___ftdiv
		___ftneg
		___fttol
		___lwtoft
 This function is called by:
		_main
 This function uses a non-reentrant model


 *************** function _TMR3_Config *****************
 Defined at:
		line 189 in file "timers.c"
 Parameters:    Size  Location     Type
  clock_source    1    wreg     unsigned char 
 Auto vars:     Size  Location     Type
  clock_source    1    0[BANK0 ] unsigned char 
 Return value:  Size  Location     Type
                  1    wreg      void 
 Registers used:
		wreg, status,2
 Tracked objects:
		On entry : 
		On exit  : 
		Unchanged: 
 Data sizes:     COMRAM   BANK0   BANK1   BANK2   BANK3   BANK4   BANK5   BANK6   BANK7
      Params:         0       0       0       0       0       0       0       0       0
      Locals:         0       1       0       0       0       0       0       0       0
      Temps:          0       0       0       0       0       0       0       0       0
      Totals:         0       1       0       0       0       0       0       0       0
Total ram usage:        1 bytes
 Hardware stack levels used:    1
 Hardware stack levels required when called:    4
 This function calls:
		Nothing
 This function is called by:
		_main
 This function uses a non-reentrant model


 *************** function _TMR1_StartCount *****************
 Defined at:
		line 167 in file "timers.c"
 Parameters:    Size  Location     Type
  milliseconds    2   56[BANK0 ] unsigned short 
 Auto vars:     Size  Location     Type
  temp_time       2   58[BANK0 ] unsigned short 
 Return value:  Size  Location     Type
                  1    wreg      void 
 Registers used:
		wreg, status,2, status,0, cstack
 Tracked objects:
		On entry : 
		On exit  : 
		Unchanged: 
 Data sizes:     COMRAM   BANK0   BANK1   BANK2   BANK3   BANK4   BANK5   BANK6   BANK7
      Params:         0       2       0       0       0       0       0       0       0
      Locals:         0       2       0       0       0       0       0       0       0
      Temps:          0       0       0       0       0       0       0       0       0
      Totals:         0       4       0       0       0       0       0       0       0
Total ram usage:        4 bytes
 Hardware stack levels used:    1
 Hardware stack levels required when called:    6
 This function calls:
		___ftadd
		___ftdiv
		___ftneg
		___fttol
		___lwtoft
 This function is called by:
		_main
 This function uses a non-reentrant model


 *************** function _TMR1_Config *****************
 Defined at:
		line 118 in file "timers.c"
 Parameters:    Size  Location     Type
  clock_source    1    wreg     unsigned char 
 Auto vars:     Size  Location     Type
  clock_source    1    0[BANK0 ] unsigned char 
 Return value:  Size  Location     Type
                  1    wreg      void 
 Registers used:
		wreg, status,2
 Tracked objects:
		On entry : 
		On exit  : 
		Unchanged: 
 Data sizes:     COMRAM   BANK0   BANK1   BANK2   BANK3   BANK4   BANK5   BANK6   BANK7
      Params:         0       0       0       0       0       0       0       0       0
      Locals:         0       1       0       0       0       0       0       0       0
      Temps:          0       0       0       0       0       0       0       0       0
      Totals:         0       1       0       0       0       0       0       0       0
Total ram usage:        1 bytes
 Hardware stack levels used:    1
 Hardware stack levels required when called:    4
 This function calls:
		Nothing
 This function is called by:
		_main
 This function uses a non-reentrant model


 *************** function _TMR0_StartCount *****************
 Defined at:
		line 94 in file "timers.c"
 Parameters:    Size  Location     Type
  milliseconds    2   56[BANK0 ] unsigned short 
 Auto vars:     Size  Location     Type
  temp_time       2   58[BANK0 ] unsigned short 
 Return value:  Size  Location     Type
                  1    wreg      void 
 Registers used:
		wreg, status,2, status,0, cstack
 Tracked objects:
		On entry : 
		On exit  : 
		Unchanged: 
 Data sizes:     COMRAM   BANK0   BANK1   BANK2   BANK3   BANK4   BANK5   BANK6   BANK7
      Params:         0       2       0       0       0       0       0       0       0
      Locals:         0       2       0       0       0       0       0       0       0
      Temps:          0       0       0       0       0       0       0       0       0
      Totals:         0       4       0       0       0       0       0       0       0
Total ram usage:        4 bytes
 Hardware stack levels used:    1
 Hardware stack levels required when called:    6
 This function calls:
		___ftadd
		___ftdiv
		___ftneg
		___fttol
		___lwtoft
 This function is called by:
		_main
 This function uses a non-reentrant model


 *************** function ___lwtoft *****************
 Defined at:
		line 28 in file "C:\Program Files (x86)\Microchip\xc8\v1.42\sources\common\lwtoft.c"
 Parameters:    Size  Location     Type
  c               2    8[BANK0 ] unsigned int 
 Auto vars:     Size  Location     Type
		None
 Return value:  Size  Location     Type
                  3    8[BANK0 ] float 
 Registers used:
		wreg, status,2, status,0, cstack
 Tracked objects:
		On entry : 
		On exit  : 
		Unchanged: 
 Data sizes:     COMRAM   BANK0   BANK1   BANK2   BANK3   BANK4   BANK5   BANK6   BANK7
      Params:         0       3       0       0       0       0       0       0       0
      Locals:         0       0       0       0       0       0       0       0       0
      Temps:          0       0       0       0       0       0       0       0       0
      Totals:         0       3       0       0       0       0       0       0       0
Total ram usage:        3 bytes
 Hardware stack levels used:    1
 Hardware stack levels required when called:    5
 This function calls:
		___ftpack
 This function is called by:
		_TMR0_StartCount
		_TMR1_StartCount
		_TMR3_StartCount
 This function uses a non-reentrant model


 *************** function ___fttol *****************
 Defined at:
		line 44 in file "C:\Program Files (x86)\Microchip\xc8\v1.42\sources\common\fttol.c"
 Parameters:    Size  Location     Type
  f1              3   41[BANK0 ] float 
 Auto vars:     Size  Location     Type
  lval            4   51[BANK0 ] unsigned long 
  exp1            1   55[BANK0 ] unsigned char 
  sign1           1   50[BANK0 ] unsigned char 
 Return value:  Size  Location     Type
                  4   41[BANK0 ] long 
 Registers used:
		wreg, status,2, status,0
 Tracked objects:
		On entry : 
		On exit  : 
		Unchanged: 
 Data sizes:     COMRAM   BANK0   BANK1   BANK2   BANK3   BANK4   BANK5   BANK6   BANK7
      Params:         0       4       0       0       0       0       0       0       0
      Locals:         0       6       0       0       0       0       0       0       0
      Temps:          0       5       0       0       0       0       0       0       0
      Totals:         0      15       0       0       0       0       0       0       0
Total ram usage:       15 bytes
 Hardware stack levels used:    1
 Hardware stack levels required when called:    4
 This function calls:
		Nothing
 This function is called by:
		_TMR0_StartCount
		_TMR1_StartCount
		_TMR3_StartCount
 This function uses a non-reentrant model


 *************** function ___ftneg *****************
 Defined at:
		line 15 in file "C:\Program Files (x86)\Microchip\xc8\v1.42\sources\common\ftneg.c"
 Parameters:    Size  Location     Type
  f1              3   26[BANK0 ] float 
 Auto vars:     Size  Location     Type
		None
 Return value:  Size  Location     Type
                  3   26[BANK0 ] float 
 Registers used:
		wreg, status,2, status,0
 Tracked objects:
		On entry : 
		On exit  : 
		Unchanged: 
 Data sizes:     COMRAM   BANK0   BANK1   BANK2   BANK3   BANK4   BANK5   BANK6   BANK7
      Params:         0       3       0       0       0       0       0       0       0
      Locals:         0       0       0       0       0       0       0       0       0
      Temps:          0       0       0       0       0       0       0       0       0
      Totals:         0       3       0       0       0       0       0       0       0
Total ram usage:        3 bytes
 Hardware stack levels used:    1
 Hardware stack levels required when called:    4
 This function calls:
		Nothing
 This function is called by:
		_TMR0_StartCount
		_TMR1_StartCount
		_TMR3_StartCount
 This function uses a non-reentrant model


 *************** function ___ftdiv *****************
 Defined at:
		line 54 in file "C:\Program Files (x86)\Microchip\xc8\v1.42\sources\common\ftdiv.c"
 Parameters:    Size  Location     Type
  f1              3   11[BANK0 ] float 
  f2              3   14[BANK0 ] float 
 Auto vars:     Size  Location     Type
  f3              3   21[BANK0 ] float 
  sign            1   25[BANK0 ] unsigned char 
  exp             1   24[BANK0 ] unsigned char 
  cntr            1   20[BANK0 ] unsigned char 
 Return value:  Size  Location     Type
                  3   11[BANK0 ] float 
 Registers used:
		wreg, status,2, status,0, cstack
 Tracked objects:
		On entry : 
		On exit  : 
		Unchanged: 
 Data sizes:     COMRAM   BANK0   BANK1   BANK2   BANK3   BANK4   BANK5   BANK6   BANK7
      Params:         0       6       0       0       0       0       0       0       0
      Locals:         0       6       0       0       0       0       0       0       0
      Temps:          0       3       0       0       0       0       0       0       0
      Totals:         0      15       0       0       0       0       0       0       0
Total ram usage:       15 bytes
 Hardware stack levels used:    1
 Hardware stack levels required when called:    5
 This function calls:
		___ftpack
 This function is called by:
		_TMR0_StartCount
		_TMR1_StartCount
		_TMR3_StartCount
 This function uses a non-reentrant model


 *************** function ___ftadd *****************
 Defined at:
		line 86 in file "C:\Program Files (x86)\Microchip\xc8\v1.42\sources\common\ftadd.c"
 Parameters:    Size  Location     Type
  f1              3   29[BANK0 ] float 
  f2              3   32[BANK0 ] float 
 Auto vars:     Size  Location     Type
  exp1            1   40[BANK0 ] unsigned char 
  exp2            1   39[BANK0 ] unsigned char 
  sign            1   38[BANK0 ] unsigned char 
 Return value:  Size  Location     Type
                  3   29[BANK0 ] float 
 Registers used:
		wreg, status,2, status,0, cstack
 Tracked objects:
		On entry : 
		On exit  : 
		Unchanged: 
 Data sizes:     COMRAM   BANK0   BANK1   BANK2   BANK3   BANK4   BANK5   BANK6   BANK7
      Params:         0       6       0       0       0       0       0       0       0
      Locals:         0       3       0       0       0       0       0       0       0
      Temps:          0       3       0       0       0       0       0       0       0
      Totals:         0      12       0       0       0       0       0       0       0
Total ram usage:       12 bytes
 Hardware stack levels used:    1
 Hardware stack levels required when called:    5
 This function calls:
		___ftpack
 This function is called by:
		_TMR0_StartCount
		_TMR1_StartCount
		_TMR3_StartCount
 This function uses a non-reentrant model


 *************** function ___ftpack *****************
 Defined at:
		line 62 in file "C:\Program Files (x86)\Microchip\xc8\v1.42\sources\common\float.c"
 Parameters:    Size  Location     Type
  arg             3    0[BANK0 ] unsigned um
  exp             1    3[BANK0 ] unsigned char 
  sign            1    4[BANK0 ] unsigned char 
 Auto vars:     Size  Location     Type
		None
 Return value:  Size  Location     Type
                  3    0[BANK0 ] float 
 Registers used:
		wreg, status,2, status,0
 Tracked objects:
		On entry : 
		On exit  : 
		Unchanged: 
 Data sizes:     COMRAM   BANK0   BANK1   BANK2   BANK3   BANK4   BANK5   BANK6   BANK7
      Params:         0       5       0       0       0       0       0       0       0
      Locals:         0       0       0       0       0       0       0       0       0
      Temps:          0       3       0       0       0       0       0       0       0
      Totals:         0       8       0       0       0       0       0       0       0
Total ram usage:        8 bytes
 Hardware stack levels used:    1
 Hardware stack levels required when called:    4
 This function calls:
		Nothing
 This function is called by:
		___ftadd
		___ftdiv
		___lwtoft
 This function uses a non-reentrant model


 *************** function _TMR0_Config *****************
 Defined at:
		line 15 in file "timers.c"
 Parameters:    Size  Location     Type
  clock_source    1    wreg     unsigned char 
  preescaler      1    0[BANK0 ] enum E5880
 Auto vars:     Size  Location     Type
  clock_source    1    1[BANK0 ] unsigned char 
 Return value:  Size  Location     Type
                  1    wreg      void 
 Registers used:
		wreg, status,2, status,0
 Tracked objects:
		On entry : 
		On exit  : 
		Unchanged: 
 Data sizes:     COMRAM   BANK0   BANK1   BANK2   BANK3   BANK4   BANK5   BANK6   BANK7
      Params:         0       1       0       0       0       0       0       0       0
      Locals:         0       1       0       0       0       0       0       0       0
      Temps:          0       0       0       0       0       0       0       0       0
      Totals:         0       2       0       0       0       0       0       0       0
Total ram usage:        2 bytes
 Hardware stack levels used:    1
 Hardware stack levels required when called:    4
 This function calls:
		Nothing
 This function is called by:
		_main
 This function uses a non-reentrant model


 *************** function _high_isr *****************
 Defined at:
		line 11 in file "main.c"
 Parameters:    Size  Location     Type
		None
 Auto vars:     Size  Location     Type
		None
 Return value:  Size  Location     Type
                  1    wreg      void 
 Registers used:
		wreg, status,2, status,0, cstack
 Tracked objects:
		On entry : 
		On exit  : 
		Unchanged: 
 Data sizes:     COMRAM   BANK0   BANK1   BANK2   BANK3   BANK4   BANK5   BANK6   BANK7
      Params:         0       0       0       0       0       0       0       0       0
      Locals:         0       0       0       0       0       0       0       0       0
      Temps:         14       0       0       0       0       0       0       0       0
      Totals:        14       0       0       0       0       0       0       0       0
Total ram usage:       14 bytes
 Hardware stack levels used:    1
 Hardware stack levels required when called:    3
 This function calls:
		i2_TMR0_StartCount
		i2_TMR1_StartCount
		i2_TMR3_StartCount
 This function is called by:
		Interrupt level 2
 This function uses a non-reentrant model


 *************** function i2_TMR3_StartCount *****************
 Defined at:
		line 238 in file "timers.c"
 Parameters:    Size  Location     Type
  milliseconds    2   56[COMRAM] unsigned short 
 Auto vars:     Size  Location     Type
  TMR3_StartCo    2   58[COMRAM] unsigned short 
 Return value:  Size  Location     Type
                  1    wreg      void 
 Registers used:
		wreg, status,2, status,0, cstack
 Tracked objects:
		On entry : 
		On exit  : 
		Unchanged: 
 Data sizes:     COMRAM   BANK0   BANK1   BANK2   BANK3   BANK4   BANK5   BANK6   BANK7
      Params:         2       0       0       0       0       0       0       0       0
      Locals:         2       0       0       0       0       0       0       0       0
      Temps:          0       0       0       0       0       0       0       0       0
      Totals:         4       0       0       0       0       0       0       0       0
Total ram usage:        4 bytes
 Hardware stack levels used:    1
 Hardware stack levels required when called:    2
 This function calls:
		i2___ftadd
		i2___ftdiv
		i2___ftneg
		i2___fttol
		i2___lwtoft
 This function is called by:
		_high_isr
 This function uses a non-reentrant model


 *************** function i2_TMR1_StartCount *****************
 Defined at:
		line 167 in file "timers.c"
 Parameters:    Size  Location     Type
  milliseconds    2   56[COMRAM] unsigned short 
 Auto vars:     Size  Location     Type
  TMR1_StartCo    2   58[COMRAM] unsigned short 
 Return value:  Size  Location     Type
                  1    wreg      void 
 Registers used:
		wreg, status,2, status,0, cstack
 Tracked objects:
		On entry : 
		On exit  : 
		Unchanged: 
 Data sizes:     COMRAM   BANK0   BANK1   BANK2   BANK3   BANK4   BANK5   BANK6   BANK7
      Params:         2       0       0       0       0       0       0       0       0
      Locals:         2       0       0       0       0       0       0       0       0
      Temps:          0       0       0       0       0       0       0       0       0
      Totals:         4       0       0       0       0       0       0       0       0
Total ram usage:        4 bytes
 Hardware stack levels used:    1
 Hardware stack levels required when called:    2
 This function calls:
		i2___ftadd
		i2___ftdiv
		i2___ftneg
		i2___fttol
		i2___lwtoft
 This function is called by:
		_high_isr
 This function uses a non-reentrant model


 *************** function i2_TMR0_StartCount *****************
 Defined at:
		line 94 in file "timers.c"
 Parameters:    Size  Location     Type
  milliseconds    2   56[COMRAM] unsigned short 
 Auto vars:     Size  Location     Type
  TMR0_StartCo    2   58[COMRAM] unsigned short 
 Return value:  Size  Location     Type
                  1    wreg      void 
 Registers used:
		wreg, status,2, status,0, cstack
 Tracked objects:
		On entry : 
		On exit  : 
		Unchanged: 
 Data sizes:     COMRAM   BANK0   BANK1   BANK2   BANK3   BANK4   BANK5   BANK6   BANK7
      Params:         2       0       0       0       0       0       0       0       0
      Locals:         2       0       0       0       0       0       0       0       0
      Temps:          0       0       0       0       0       0       0       0       0
      Totals:         4       0       0       0       0       0       0       0       0
Total ram usage:        4 bytes
 Hardware stack levels used:    1
 Hardware stack levels required when called:    2
 This function calls:
		i2___ftadd
		i2___ftdiv
		i2___ftneg
		i2___fttol
		i2___lwtoft
 This function is called by:
		_high_isr
 This function uses a non-reentrant model


 *************** function i2___lwtoft *****************
 Defined at:
		line 28 in file "C:\Program Files (x86)\Microchip\xc8\v1.42\sources\common\lwtoft.c"
 Parameters:    Size  Location     Type
  c               2    8[COMRAM] unsigned int 
 Auto vars:     Size  Location     Type
		None
 Return value:  Size  Location     Type
                  3    8[COMRAM] float 
 Registers used:
		wreg, status,2, status,0, cstack
 Tracked objects:
		On entry : 
		On exit  : 
		Unchanged: 
 Data sizes:     COMRAM   BANK0   BANK1   BANK2   BANK3   BANK4   BANK5   BANK6   BANK7
      Params:         3       0       0       0       0       0       0       0       0
      Locals:         0       0       0       0       0       0       0       0       0
      Temps:          0       0       0       0       0       0       0       0       0
      Totals:         3       0       0       0       0       0       0       0       0
Total ram usage:        3 bytes
 Hardware stack levels used:    1
 Hardware stack levels required when called:    1
 This function calls:
		i2___ftpack
 This function is called by:
		i2_TMR0_StartCount
		i2_TMR1_StartCount
		i2_TMR3_StartCount
 This function uses a non-reentrant model


 *************** function i2___fttol *****************
 Defined at:
		line 44 in file "C:\Program Files (x86)\Microchip\xc8\v1.42\sources\common\fttol.c"
 Parameters:    Size  Location     Type
  f1              3   41[COMRAM] float 
 Auto vars:     Size  Location     Type
  __fttol         4   51[COMRAM] unsigned long 
  __fttol         1   55[COMRAM] unsigned char 
  __fttol         1   50[COMRAM] unsigned char 
 Return value:  Size  Location     Type
                  4   41[COMRAM] long 
 Registers used:
		wreg, status,2, status,0
 Tracked objects:
		On entry : 
		On exit  : 
		Unchanged: 
 Data sizes:     COMRAM   BANK0   BANK1   BANK2   BANK3   BANK4   BANK5   BANK6   BANK7
      Params:         4       0       0       0       0       0       0       0       0
      Locals:         6       0       0       0       0       0       0       0       0
      Temps:          5       0       0       0       0       0       0       0       0
      Totals:        15       0       0       0       0       0       0       0       0
Total ram usage:       15 bytes
 Hardware stack levels used:    1
 This function calls:
		Nothing
 This function is called by:
		i2_TMR0_StartCount
		i2_TMR1_StartCount
		i2_TMR3_StartCount
 This function uses a non-reentrant model


 *************** function i2___ftneg *****************
 Defined at:
		line 15 in file "C:\Program Files (x86)\Microchip\xc8\v1.42\sources\common\ftneg.c"
 Parameters:    Size  Location     Type
  f1              3   26[COMRAM] float 
 Auto vars:     Size  Location     Type
		None
 Return value:  Size  Location     Type
                  3   26[COMRAM] float 
 Registers used:
		wreg, status,2, status,0
 Tracked objects:
		On entry : 
		On exit  : 
		Unchanged: 
 Data sizes:     COMRAM   BANK0   BANK1   BANK2   BANK3   BANK4   BANK5   BANK6   BANK7
      Params:         3       0       0       0       0       0       0       0       0
      Locals:         0       0       0       0       0       0       0       0       0
      Temps:          0       0       0       0       0       0       0       0       0
      Totals:         3       0       0       0       0       0       0       0       0
Total ram usage:        3 bytes
 Hardware stack levels used:    1
 This function calls:
		Nothing
 This function is called by:
		i2_TMR0_StartCount
		i2_TMR1_StartCount
		i2_TMR3_StartCount
 This function uses a non-reentrant model


 *************** function i2___ftdiv *****************
 Defined at:
		line 54 in file "C:\Program Files (x86)\Microchip\xc8\v1.42\sources\common\ftdiv.c"
 Parameters:    Size  Location     Type
  f1              3   11[COMRAM] float 
  f2              3   14[COMRAM] float 
 Auto vars:     Size  Location     Type
  __ftdiv         3   21[COMRAM] float 
  __ftdiv         1   25[COMRAM] unsigned char 
  __ftdiv         1   24[COMRAM] unsigned char 
  __ftdiv         1   20[COMRAM] unsigned char 
 Return value:  Size  Location     Type
                  3   11[COMRAM] float 
 Registers used:
		wreg, status,2, status,0, cstack
 Tracked objects:
		On entry : 
		On exit  : 
		Unchanged: 
 Data sizes:     COMRAM   BANK0   BANK1   BANK2   BANK3   BANK4   BANK5   BANK6   BANK7
      Params:         6       0       0       0       0       0       0       0       0
      Locals:         6       0       0       0       0       0       0       0       0
      Temps:          3       0       0       0       0       0       0       0       0
      Totals:        15       0       0       0       0       0       0       0       0
Total ram usage:       15 bytes
 Hardware stack levels used:    1
 Hardware stack levels required when called:    1
 This function calls:
		i2___ftpack
 This function is called by:
		i2_TMR0_StartCount
		i2_TMR1_StartCount
		i2_TMR3_StartCount
 This function uses a non-reentrant model


 *************** function i2___ftadd *****************
 Defined at:
		line 86 in file "C:\Program Files (x86)\Microchip\xc8\v1.42\sources\common\ftadd.c"
 Parameters:    Size  Location     Type
  f1              3   29[COMRAM] float 
  f2              3   32[COMRAM] float 
 Auto vars:     Size  Location     Type
  __ftadd         1   40[COMRAM] unsigned char 
  __ftadd         1   39[COMRAM] unsigned char 
  __ftadd         1   38[COMRAM] unsigned char 
 Return value:  Size  Location     Type
                  3   29[COMRAM] float 
 Registers used:
		wreg, status,2, status,0, cstack
 Tracked objects:
		On entry : 
		On exit  : 
		Unchanged: 
 Data sizes:     COMRAM   BANK0   BANK1   BANK2   BANK3   BANK4   BANK5   BANK6   BANK7
      Params:         6       0       0       0       0       0       0       0       0
      Locals:         3       0       0       0       0       0       0       0       0
      Temps:          3       0       0       0       0       0       0       0       0
      Totals:        12       0       0       0       0       0       0       0       0
Total ram usage:       12 bytes
 Hardware stack levels used:    1
 Hardware stack levels required when called:    1
 This function calls:
		i2___ftpack
 This function is called by:
		i2_TMR0_StartCount
		i2_TMR1_StartCount
		i2_TMR3_StartCount
 This function uses a non-reentrant model


 *************** function i2___ftpack *****************
 Defined at:
		line 62 in file "C:\Program Files (x86)\Microchip\xc8\v1.42\sources\common\float.c"
 Parameters:    Size  Location     Type
  arg             3    0[COMRAM] unsigned um
  exp             1    3[COMRAM] unsigned char 
  sign            1    4[COMRAM] unsigned char 
 Auto vars:     Size  Location     Type
		None
 Return value:  Size  Location     Type
                  3    0[COMRAM] float 
 Registers used:
		wreg, status,2, status,0
 Tracked objects:
		On entry : 
		On exit  : 
		Unchanged: 
 Data sizes:     COMRAM   BANK0   BANK1   BANK2   BANK3   BANK4   BANK5   BANK6   BANK7
      Params:         5       0       0       0       0       0       0       0       0
      Locals:         0       0       0       0       0       0       0       0       0
      Temps:          3       0       0       0       0       0       0       0       0
      Totals:         8       0       0       0       0       0       0       0       0
Total ram usage:        8 bytes
 Hardware stack levels used:    1
 This function calls:
		Nothing
 This function is called by:
		i2___ftadd
		i2___ftdiv
		i2___lwtoft
 This function uses a non-reentrant model



MODULE INFORMATION

Module		Function		Class		Link	Load	Size
timers.c
		_TMR0_Config   		CODE           	1FC2	0000	29
		_TMR1_Config   		CODE           	1FA2	0000	33
		_TMR3_Config   		CODE           	1F82	0000	33
		_TMR0_StartCount		CODE           	1C42	0000	161
		_TMR1_StartCount		CODE           	1BA2	0000	161
		_TMR3_StartCount		CODE           	1B02	0000	161

timers.c estimated size: 578

C:\Program Files (x86)\Microchip\xc8\v1.42\sources\common\ftdiv.c
		___ftdiv       		CODE           	14DE	0000	333

C:\Program Files (x86)\Microchip\xc8\v1.42\sources\common\ftdiv.c estimated size: 333

C:\Program Files (x86)\Microchip\xc8\v1.42\sources\common\fttol.c
		___fttol       		CODE           	162A	0000	325

C:\Program Files (x86)\Microchip\xc8\v1.42\sources\common\fttol.c estimated size: 325

C:\Program Files (x86)\Microchip\xc8\v1.42\sources\common\ftadd.c
		___ftadd       		CODE           	10CA	0000	617

C:\Program Files (x86)\Microchip\xc8\v1.42\sources\common\ftadd.c estimated size: 617

C:\Program Files (x86)\Microchip\xc8\v1.42\sources\common\lwtoft.c
		___lwtoft      		CODE           	1F10	0000	43

C:\Program Files (x86)\Microchip\xc8\v1.42\sources\common\lwtoft.c estimated size: 43

shared
		i2___ftneg     		CODE           	1F5E	0000	37
		i2___ftadd     		CODE           	1332	0000	429
		i2___ftdiv     		CODE           	196E	0000	231
		i2___fttol     		CODE           	187A	0000	245
		i2___lwtoft    		CODE           	1F3A	0000	37
		i2_TMR0_StartCount		CODE           	1DFE	0000	143
		i2_TMR3_StartCount		CODE           	1CE2	0000	143
		i2___ftpack    		CODE           	1A54	0000	175
		__initialization		CODE           	1FDE	0000	1
		i2_TMR1_StartCount		CODE           	1D70	0000	143

shared estimated size: 1584

C:\Program Files (x86)\Microchip\xc8\v1.42\sources\common\ftneg.c
		___ftneg       		CODE           	1EE0	0000	49

C:\Program Files (x86)\Microchip\xc8\v1.42\sources\common\ftneg.c estimated size: 49

C:\Program Files (x86)\Microchip\xc8\v1.42\sources\common\float.c
		___ftpack      		CODE           	176E	0000	269

C:\Program Files (x86)\Microchip\xc8\v1.42\sources\common\float.c estimated size: 269

main.c
		_main          		CODE           	1E8C	0000	85
		_high_isr      		CODE           	1008	0000	191

main.c estimated size: 276

