Microchip MPLAB XC8 Compiler V1.42 ()

Linker command line:

-W-3 --edf=C:\Program Files (x86)\Microchip\xc8\v1.42\dat\en_msgs.txt -cs \
  -h+dist/default/production\TIMERS.X.production.sym \
  --cmf=dist/default/production\TIMERS.X.production.cmf -z -Q18F45K50 \
  -oC:\Users\usuario\AppData\Local\Temp\s2dl0.2 \
  -Mdist/default/production/TIMERS.X.production.map -E1 -ver=XC8 \
  -ASTACK=0ADh-07ffh -pstack=STACK -ACODE=01000h-07FFFh \
  -ACONST=01000h-07FFFh -ASMALLCONST=01000h-010FFhx112 \
  -AMEDIUMCONST=01000h-07FFFh -ACOMRAM=01h-05Fh -AABS1=00h-07FFh \
  -ABIGRAM=01h-07FFh -ARAM=060h-0FFh,0100h-01FFhx7 -ABANK0=060h-0FFh \
  -ABANK1=0100h-01FFh -ABANK2=0200h-02FFh -ABANK3=0300h-03FFh \
  -ABANK4=0400h-04FFh -ABANK5=0500h-05FFh -ABANK6=0600h-06FFh \
  -ABANK7=0700h-07FFh -ASFR=0F53h-0F5Fh,0F60h-0FFFh \
  -preset_vec=01000h,intcode=01008h,intcodelo=01018h,powerup,init \
  -pramtop=0800h -psmallconst=SMALLCONST -pmediumconst=MEDIUMCONST \
  -pconst=CONST -AFARRAM=00h-00h -ACONFIG=0300000h-030000Dh -pconfig=CONFIG \
  -AIDLOC=0200000h-0200007h -pidloc=IDLOC -AEEDATA=0F00000h-0F000FFh \
  -peeprom_data=EEDATA \
  -prdata=COMRAM,nvrram=COMRAM,nvbit=COMRAM,rbss=COMRAM,rbit=COMRAM \
  -pfarbss=FARRAM,fardata=FARRAM,nvFARRAM=FARRAM \
  -pintsave_regs=BIGRAM,bigbss=BIGRAM,bigdata=BIGRAM -pbss=RAM \
  -pidata=CODE,irdata=CODE,ibigdata=CODE,ifardata=CODE -prparam=COMRAM \
  C:\Users\usuario\AppData\Local\Temp\s2dl0.obj \
  dist/default/production\TIMERS.X.production.obj 

Object code version is 3.11

Machine type is 18F45K50

Call graph: (short form)




                Name                               Link     Load   Length Selector   Space Scale
C:\Users\usuario\AppData\Local\Temp\s2dl0.obj
                init                               10A6     10A6        4      80C       0
                reset_vec                          1000     1000        4      800       0
                idloc                            200000   200000        8   200000       0
                config                           300000   300000        E   300000       0
dist/default/production\TIMERS.X.production.obj
                intcodelo                          1018     1018       8E      80C       0
                intcode                            1008     1008        6      804       0
                temp                                 4B       4B        1        1       1
                text23                             1AF0     1AF0       AE      80C       0
                text22                             1312     1312      1AC      80C       0
                text21                             194E     194E       E6      80C       0
                text20                             208C     208C       24      80C       0
                text19                             185A     185A       F4      80C       0
                text18                             2068     2068       24      80C       0
                text17                             1E9A     1E9A       8E      80C       0
                text16                             1E0C     1E0C       8E      80C       0
                text15                             1D7E     1D7E       8E      80C       0
                intcode_body                       1A34     1A34       BC      80C       0
                text12                             203E     203E       2A      80C       0
                text11                             1FE6     1FE6       2E      80C       0
                text10                             1FB8     1FB8       2E      80C       0
                text9                              174E     174E      10C      80C       0
                text8                              10AA     10AA      268      80C       0
                text7                              14BE     14BE      14C      80C       0
                text6                              1F88     1F88       30      80C       0
                text5                              160A     160A      144      80C       0
                text4                              2014     2014       2A      80C       0
                text3                              1CDE     1CDE       A0      80C       0
                text2                              1C3E     1C3E       A0      80C       0
                text1                              1B9E     1B9E       A0      80C       0
                text0                              1F28     1F28       60      80C       0
                cstackCOMRAM                          1        1       4A        1       1
                cstackBANK0                          60       60       4D       60       1
                cinit                              20B0     20B0        A      80C       0

TOTAL           Name                               Link     Load   Length     Space
        CLASS   STACK          

        CLASS   CODE           
                intcodelo                          1018     1018       8E         0
                intcode                            1008     1008        6         0
                init                               10A6     10A6        4         0
                reset_vec                          1000     1000        4         0
                text23                             1AF0     1AF0       AE         0
                text22                             1312     1312      1AC         0
                text21                             194E     194E       E6         0
                text20                             208C     208C       24         0
                text19                             185A     185A       F4         0
                text18                             2068     2068       24         0
                text17                             1E9A     1E9A       8E         0
                text16                             1E0C     1E0C       8E         0
                text15                             1D7E     1D7E       8E         0
                intcode_body                       1A34     1A34       BC         0
                text12                             203E     203E       2A         0
                text11                             1FE6     1FE6       2E         0
                text10                             1FB8     1FB8       2E         0
                text9                              174E     174E      10C         0
                text8                              10AA     10AA      268         0
                text7                              14BE     14BE      14C         0
                text6                              1F88     1F88       30         0
                text5                              160A     160A      144         0
                text4                              2014     2014       2A         0
                text3                              1CDE     1CDE       A0         0
                text2                              1C3E     1C3E       A0         0
                text1                              1B9E     1B9E       A0         0
                text0                              1F28     1F28       60         0
                cinit                              20B0     20B0        A         0

        CLASS   CONST          

        CLASS   SMALLCONST     

        CLASS   MEDIUMCONST    

        CLASS   COMRAM         
                temp                                 4B       4B        1         1
                cstackCOMRAM                          1        1       4A         1

        CLASS   ABS1           

        CLASS   BIGRAM         

        CLASS   RAM            

        CLASS   BANK0          
                cstackBANK0                          60       60       4D         1

        CLASS   BANK1          

        CLASS   BANK2          

        CLASS   BANK3          

        CLASS   BANK4          

        CLASS   BANK5          

        CLASS   BANK6          

        CLASS   BANK7          

        CLASS   SFR            

        CLASS   FARRAM         

        CLASS   CONFIG         
                config                           300000   300000        E         0

        CLASS   IDLOC          
                idloc                            200000   200000        8         0

        CLASS   EEDATA         



SEGMENTS        Name                           Load    Length   Top    Selector   Space  Class

                cstackCOMRAM                   000001  00004B  00004C         1       1  COMRAM  
                cstackBANK0                    000060  00004D  0000AD        60       1  BANK0   
                reset_vec                      001000  000004  001004       800       0  CODE    
                intcode                        001008  000006  00100E       804       0  CODE    
                intcodelo                      001018  0010A2  0020BA       80C       0  CODE    
                idloc                          200000  000008  200008    200000       0  IDLOC   
                config                         300000  00000E  30000E    300000       0  CONFIG  


UNUSED ADDRESS RANGES

        Name                Unused          Largest block    Delta
        BANK0            0000AD-0000FF               53
        BANK1            000100-0001FF              100
        BANK2            000200-0002FF              100
        BANK3            000300-0003FF              100
        BANK4            000400-0004FF              100
        BANK5            000500-0005FF              100
        BANK6            000600-0006FF              100
        BANK7            000700-0007FF              100
        BIGRAM           00004C-00005F               14
                         0000AD-0007FF              753
        CODE             001004-001007                4
                         00100E-001017                A
                         0020BA-007FFF             5F46
        COMRAM           00004C-00005F               14
        CONST            001004-001007                4
                         00100E-001017                A
                         0020BA-007FFF             5F46
        EEDATA           F00000-F000FF              100
        FARRAM           000000-000000                1
        MEDIUMCONST      001004-001007                4
                         00100E-001017                A
                         0020BA-007FFF             5F46
        RAM              0000AD-0007FF              100
        SFR              000F53-000FFF                D
        SMALLCONST       001004-001007                4
                         00100E-001017                A
                         0020BA-007FFF              100
        STACK            0000AD-0007FF              753

                                  Symbol Table

?___ftadd                     cstackBANK0  00008E
?___ftdiv                     cstackBANK0  00007C
?___ftneg                     cstackBANK0  00008B
?___ftpack                    cstackBANK0  000071
?___fttol                     cstackBANK0  00009A
?___lwtoft                    cstackBANK0  000079
?i2___ftadd                   cstackCOMRAM 00001E
?i2___ftdiv                   cstackCOMRAM 00000C
?i2___ftneg                   cstackCOMRAM 00001B
?i2___ftpack                  cstackCOMRAM 000001
?i2___fttol                   cstackCOMRAM 00002A
?i2___lwtoft                  cstackCOMRAM 000009
_ANSELB                       (abs)        000F5C
_INTCON                       (abs)        000FF2
_INTCONbits                   (abs)        000FF2
_LATB                         (abs)        000F8A
_PIE1bits                     (abs)        000F9D
_PIE2bits                     (abs)        000FA0
_PIR1                         (abs)        000F9E
_PIR1bits                     (abs)        000F9E
_PIR2                         (abs)        000FA1
_PIR2bits                     (abs)        000FA1
_T0CON                        (abs)        000FD5
_T0CONbits                    (abs)        000FD5
_T1CON                        (abs)        000FCD
_T1CONbits                    (abs)        000FCD
_T3CON                        (abs)        000FB1
_T3CONbits                    (abs)        000FB1
_TMR0H                        (abs)        000FD7
_TMR0L                        (abs)        000FD6
_TMR1H                        (abs)        000FCF
_TMR1L                        (abs)        000FCE
_TMR3H                        (abs)        000FB3
_TMR3L                        (abs)        000FB2
_TRISB                        (abs)        000F93
__HRAM                        (abs)        000000
__Habs1                       abs1         000000
__Hbank0                      bank0        000000
__Hbank1                      bank1        000000
__Hbank2                      bank2        000000
__Hbank3                      bank3        000000
__Hbank4                      bank4        000000
__Hbank5                      bank5        000000
__Hbank6                      bank6        000000
__Hbank7                      bank7        000000
__Hbigbss                     bigbss       000000
__Hbigdata                    bigdata      000000
__Hbigram                     bigram       000000
__Hbss                        bss          000000
__Hcinit                      cinit        000000
__Hclrtext                    clrtext      000000
__Hcomram                     comram       000000
__Hconfig                     config       30000E
__Hconst                      const        000000
__HcstackBANK0                cstackBANK0  000000
__HcstackCOMRAM               cstackCOMRAM 000000
__Hdata                       data         000000
__Heeprom_data                eeprom_data  000000
__Hfarbss                     farbss       000000
__Hfardata                    fardata      000000
__Hibigdata                   ibigdata     000000
__Hidata                      idata        000000
__Hidloc                      idloc        200008
__Hifardata                   ifardata     000000
__Hinit                       init         0010AA
__Hintcode                    intcode      00100E
__Hintcode_body               intcode_body 000000
__Hintcodelo                  intcodelo    0010A6
__Hintentry                   intentry     000000
__Hintret                     intret       000000
__Hintsave_regs               intsave_regs 000000
__Hirdata                     irdata       000000
__Hmediumconst                mediumconst  000000
__HnvFARRAM                   nvFARRAM     000000
__Hnvbit                      nvbit        000000
__Hnvrram                     nvrram       000000
__Hparam                      rparam       000000
__Hpowerup                    powerup      0010A6
__Hram                        ram          000000
__Hramtop                     ramtop       000800
__Hrbit                       rbit         000000
__Hrbss                       rbss         000000
__Hrdata                      rdata        000000
__Hreset_vec                  reset_vec    001004
__Hrparam                     rparam       000000
__Hsfr                        sfr          000000
__Hsmallconst                 smallconst   000000
__Hspace_0                    (abs)        30000E
__Hspace_1                    (abs)        0000AD
__Hspace_2                    (abs)        000000
__Hstack                      stack        000000
__Hstruct                     struct       000000
__Htemp                       temp         00004C
__Htext                       text         000000
__Htext0                      text0        000000
__Htext1                      text1        000000
__Htext10                     text10       000000
__Htext11                     text11       000000
__Htext12                     text12       000000
__Htext15                     text15       000000
__Htext16                     text16       000000
__Htext17                     text17       000000
__Htext18                     text18       000000
__Htext19                     text19       000000
__Htext2                      text2        000000
__Htext20                     text20       000000
__Htext21                     text21       000000
__Htext22                     text22       000000
__Htext23                     text23       000000
__Htext3                      text3        000000
__Htext4                      text4        000000
__Htext5                      text5        000000
__Htext6                      text6        000000
__Htext7                      text7        000000
__Htext8                      text8        000000
__Htext9                      text9        000000
__LRAM                        (abs)        000001
__Labs1                       abs1         000000
__Lbank0                      bank0        000000
__Lbank1                      bank1        000000
__Lbank2                      bank2        000000
__Lbank3                      bank3        000000
__Lbank4                      bank4        000000
__Lbank5                      bank5        000000
__Lbank6                      bank6        000000
__Lbank7                      bank7        000000
__Lbigbss                     bigbss       000000
__Lbigdata                    bigdata      000000
__Lbigram                     bigram       000000
__Lbss                        bss          000000
__Lcinit                      cinit        000000
__Lclrtext                    clrtext      000000
__Lcomram                     comram       000000
__Lconfig                     config       300000
__Lconst                      const        000000
__LcstackBANK0                cstackBANK0  000000
__LcstackCOMRAM               cstackCOMRAM 000000
__Ldata                       data         000000
__Leeprom_data                eeprom_data  000000
__Lfarbss                     farbss       000000
__Lfardata                    fardata      000000
__Libigdata                   ibigdata     000000
__Lidata                      idata        000000
__Lidloc                      idloc        200000
__Lifardata                   ifardata     000000
__Linit                       init         0010A6
__Lintcode                    intcode      001008
__Lintcode_body               intcode_body 000000
__Lintcodelo                  intcodelo    001018
__Lintentry                   intentry     000000
__Lintret                     intret       000000
__Lintsave_regs               intsave_regs 000000
__Lirdata                     irdata       000000
__Lmediumconst                mediumconst  000000
__LnvFARRAM                   nvFARRAM     000000
__Lnvbit                      nvbit        000000
__Lnvrram                     nvrram       000000
__Lparam                      rparam       000000
__Lpowerup                    powerup      0010A6
__Lram                        ram          000000
__Lramtop                     ramtop       000800
__Lrbit                       rbit         000000
__Lrbss                       rbss         000000
__Lrdata                      rdata        000000
__Lreset_vec                  reset_vec    001000
__Lrparam                     rparam       000000
__Lsfr                        sfr          000000
__Lsmallconst                 smallconst   000000
__Lspace_0                    (abs)        000000
__Lspace_1                    (abs)        000000
__Lspace_2                    (abs)        000000
__Lstack                      stack        000000
__Lstruct                     struct       000000
__Ltemp                       temp         00004B
__Ltext                       text         000000
__Ltext0                      text0        000000
__Ltext1                      text1        000000
__Ltext10                     text10       000000
__Ltext11                     text11       000000
__Ltext12                     text12       000000
__Ltext15                     text15       000000
__Ltext16                     text16       000000
__Ltext17                     text17       000000
__Ltext18                     text18       000000
__Ltext19                     text19       000000
__Ltext2                      text2        000000
__Ltext20                     text20       000000
__Ltext21                     text21       000000
__Ltext22                     text22       000000
__Ltext23                     text23       000000
__Ltext3                      text3        000000
__Ltext4                      text4        000000
__Ltext5                      text5        000000
__Ltext6                      text6        000000
__Ltext7                      text7        000000
__Ltext8                      text8        000000
__Ltext9                      text9        000000
__S0                          (abs)        30000E
__S1                          (abs)        0000AD
__S2                          (abs)        000000
___ftadd                      text8        0010AA
___ftadd@exp1                 cstackBANK0  000099
___ftadd@exp2                 cstackBANK0  000098
___ftadd@f1                   cstackBANK0  00008E
___ftadd@f2                   cstackBANK0  000091
___ftadd@sign                 cstackBANK0  000097
___ftdiv                      text7        0014BE
___ftdiv@cntr                 cstackBANK0  000085
___ftdiv@exp                  cstackBANK0  000089
___ftdiv@f1                   cstackBANK0  00007C
___ftdiv@f2                   cstackBANK0  00007F
___ftdiv@f3                   cstackBANK0  000086
___ftdiv@sign                 cstackBANK0  00008A
___ftneg                      text6        001F88
___ftneg@f1                   cstackBANK0  00008B
___ftpack                     text9        00174E
___ftpack@arg                 cstackBANK0  000071
___ftpack@exp                 cstackBANK0  000074
___ftpack@sign                cstackBANK0  000075
___fttol                      text5        00160A
___fttol@exp1                 cstackBANK0  0000A8
___fttol@f1                   cstackBANK0  00009A
___fttol@lval                 cstackBANK0  0000A4
___fttol@sign1                cstackBANK0  0000A3
___inthi_sp                   stack        000000
___intlo_sp                   stack        000000
___lwtoft                     text4        002014
___lwtoft@c                   cstackBANK0  000079
___param_bank                 (abs)        000000
___rparam_used                (abs)        000001
___sp                         stack        000000
__accesstop                   (abs)        000060
__activetblptr                (abs)        000000
__end_of___ftadd              text8        001312
__end_of___ftdiv              text7        00160A
__end_of___ftneg              text6        001FB8
__end_of___ftpack             text9        00185A
__end_of___fttol              text5        00174E
__end_of___lwtoft             text4        00203E
__end_of__initialization      cinit        0020B0
__end_of_config_TMR0          text12       002068
__end_of_config_TMR1          text11       002014
__end_of_config_TMR3          text10       001FE6
__end_of_high_isr             intcode_body 001AF0
__end_of_low_isr              intcodelo    0010A6
__end_of_main                 text0        001F88
__end_of_start_TMR0ms         text3        001D7E
__end_of_start_TMR1ms         text2        001CDE
__end_of_start_TMR3ms         text1        001C3E
__end_ofi2___ftadd            text22       0014BE
__end_ofi2___ftdiv            text21       001A34
__end_ofi2___ftneg            text20       0020B0
__end_ofi2___ftpack           text23       001B9E
__end_ofi2___fttol            text19       00194E
__end_ofi2___lwtoft           text18       00208C
__end_ofi2_start_TMR0ms       text17       001F28
__end_ofi2_start_TMR1ms       text16       001E9A
__end_ofi2_start_TMR3ms       text15       001E0C
__initialization              cinit        0020B0
__mediumconst                 mediumconst  000000
__pcinit                      cinit        0020B0
__pcstackBANK0                cstackBANK0  000060
__pcstackCOMRAM               cstackCOMRAM 000001
__pintcode                    intcode      001008
__pintcode_body               intcode_body 001A34
__pintcodelo                  intcodelo    001018
__ptext0                      text0        001F28
__ptext1                      text1        001B9E
__ptext10                     text10       001FB8
__ptext11                     text11       001FE6
__ptext12                     text12       00203E
__ptext15                     text15       001D7E
__ptext16                     text16       001E0C
__ptext17                     text17       001E9A
__ptext18                     text18       002068
__ptext19                     text19       00185A
__ptext2                      text2        001C3E
__ptext20                     text20       00208C
__ptext21                     text21       00194E
__ptext22                     text22       001312
__ptext23                     text23       001AF0
__ptext3                      text3        001CDE
__ptext4                      text4        002014
__ptext5                      text5        00160A
__ptext6                      text6        001F88
__ptext7                      text7        0014BE
__ptext8                      text8        0010AA
__ptext9                      text9        00174E
__ramtop                      ramtop       000800
__size_of___ftadd             (abs)        000000
__size_of___ftdiv             (abs)        000000
__size_of___ftneg             (abs)        000000
__size_of___ftpack            (abs)        000000
__size_of___fttol             (abs)        000000
__size_of___lwtoft            (abs)        000000
__size_of_config_TMR0         (abs)        000000
__size_of_config_TMR1         (abs)        000000
__size_of_config_TMR3         (abs)        000000
__size_of_high_isr            (abs)        000000
__size_of_low_isr             (abs)        000000
__size_of_main                (abs)        000000
__size_of_start_TMR0ms        (abs)        000000
__size_of_start_TMR1ms        (abs)        000000
__size_of_start_TMR3ms        (abs)        000000
__size_ofi2___ftadd           (abs)        000000
__size_ofi2___ftdiv           (abs)        000000
__size_ofi2___ftneg           (abs)        000000
__size_ofi2___ftpack          (abs)        000000
__size_ofi2___fttol           (abs)        000000
__size_ofi2___lwtoft          (abs)        000000
__size_ofi2_start_TMR0ms      (abs)        000000
__size_ofi2_start_TMR1ms      (abs)        000000
__size_ofi2_start_TMR3ms      (abs)        000000
__smallconst                  smallconst   000000
_config_TMR0                  text12       00203E
_config_TMR1                  text11       001FE6
_config_TMR3                  text10       001FB8
_high_isr                     intcode      001008
_low_isr                      intcodelo    001018
_main                         text0        001F28
_start_TMR0ms                 text3        001CDE
_start_TMR1ms                 text2        001C3E
_start_TMR3ms                 text1        001B9E
btemp                         temp         00004B
config_TMR0@check_flag_method cstackBANK0  000072
config_TMR0@clock_source      cstackBANK0  000071
config_TMR1@check_flag_method cstackBANK0  000072
config_TMR1@clock_source      cstackBANK0  000071
config_TMR3@check_flag_method cstackBANK0  000072
config_TMR3@clock_source      cstackBANK0  000071
end_of_initialization         cinit        0020B0
i2___ftadd                    text22       001312
i2___ftadd@exp1               cstackCOMRAM 000029
i2___ftadd@exp2               cstackCOMRAM 000028
i2___ftadd@f1                 cstackCOMRAM 00001E
i2___ftadd@f2                 cstackCOMRAM 000021
i2___ftadd@sign               cstackCOMRAM 000027
i2___ftdiv                    text21       00194E
i2___ftdiv@cntr               cstackCOMRAM 000015
i2___ftdiv@exp                cstackCOMRAM 000019
i2___ftdiv@f1                 cstackCOMRAM 00000C
i2___ftdiv@f2                 cstackCOMRAM 00000F
i2___ftdiv@f3                 cstackCOMRAM 000016
i2___ftdiv@sign               cstackCOMRAM 00001A
i2___ftneg                    text20       00208C
i2___ftneg@f1                 cstackCOMRAM 00001B
i2___ftpack                   text23       001AF0
i2___ftpack@arg               cstackCOMRAM 000001
i2___ftpack@exp               cstackCOMRAM 000004
i2___ftpack@sign              cstackCOMRAM 000005
i2___fttol                    text19       00185A
i2___fttol@exp1               cstackCOMRAM 000038
i2___fttol@f1                 cstackCOMRAM 00002A
i2___fttol@lval               cstackCOMRAM 000034
i2___fttol@sign1              cstackCOMRAM 000033
i2___lwtoft                   text18       002068
i2___lwtoft@c                 cstackCOMRAM 000009
i2_start_TMR0ms               text17       001E9A
i2_start_TMR1ms               text16       001E0C
i2_start_TMR3ms               text15       001D7E
i2start_TMR0ms@milliseconds   cstackCOMRAM 000039
i2start_TMR0ms@temp_time      cstackCOMRAM 00003B
i2start_TMR1ms@milliseconds   cstackCOMRAM 000039
i2start_TMR1ms@temp_time      cstackCOMRAM 00003B
i2start_TMR3ms@milliseconds   cstackCOMRAM 000039
i2start_TMR3ms@temp_time      cstackCOMRAM 00003B
int$flags                     temp         00004B
int_func                      intcode_body 001A34
intlevel0                     text         000000
intlevel1                     text         000000
intlevel2                     text         000000
intlevel3                     text         000000
stackhi                       (abs)        0007FF
stacklo                       (abs)        0000AD
start                         init         0010A6
start_TMR0ms@milliseconds     cstackBANK0  0000A9
start_TMR0ms@temp_time        cstackBANK0  0000AB
start_TMR1ms@milliseconds     cstackBANK0  0000A9
start_TMR1ms@temp_time        cstackBANK0  0000AB
start_TMR3ms@milliseconds     cstackBANK0  0000A9
start_TMR3ms@temp_time        cstackBANK0  0000AB
start_initialization          cinit        0020B0


FUNCTION INFORMATION:

 *************** function _main *****************
 Defined at:
		line 44 in file "timers.c"
 Parameters:    Size  Location     Type
		None
 Auto vars:     Size  Location     Type
		None
 Return value:  Size  Location     Type
                  1    wreg      void 
 Registers used:
		wreg, status,2, status,0, cstack
 Tracked objects:
		On entry : 
		On exit  : 
		Unchanged: 
 Data sizes:     COMRAM   BANK0   BANK1   BANK2   BANK3   BANK4   BANK5   BANK6   BANK7
      Params:         0       0       0       0       0       0       0       0       0
      Locals:         0       0       0       0       0       0       0       0       0
      Temps:          0       0       0       0       0       0       0       0       0
      Totals:         0       0       0       0       0       0       0       0       0
Total ram usage:        0 bytes
 Hardware stack levels required when called:    8
 This function calls:
		_config_TMR0
		_config_TMR1
		_config_TMR3
		_start_TMR0ms
		_start_TMR1ms
		_start_TMR3ms
 This function is called by:
		Startup code after reset
 This function uses a non-reentrant model


 *************** function _start_TMR3ms *****************
 Defined at:
		line 245 in file "timers.h"
 Parameters:    Size  Location     Type
  milliseconds    2   73[BANK0 ] unsigned int 
 Auto vars:     Size  Location     Type
  temp_time       2   75[BANK0 ] unsigned int 
 Return value:  Size  Location     Type
                  1    wreg      void 
 Registers used:
		wreg, status,2, status,0, cstack
 Tracked objects:
		On entry : 
		On exit  : 
		Unchanged: 
 Data sizes:     COMRAM   BANK0   BANK1   BANK2   BANK3   BANK4   BANK5   BANK6   BANK7
      Params:         0       2       0       0       0       0       0       0       0
      Locals:         0       2       0       0       0       0       0       0       0
      Temps:          0       0       0       0       0       0       0       0       0
      Totals:         0       4       0       0       0       0       0       0       0
Total ram usage:        4 bytes
 Hardware stack levels used:    1
 Hardware stack levels required when called:    7
 This function calls:
		___ftadd
		___ftdiv
		___ftneg
		___fttol
		___lwtoft
 This function is called by:
		_main
 This function uses a non-reentrant model


 *************** function _start_TMR1ms *****************
 Defined at:
		line 173 in file "timers.h"
 Parameters:    Size  Location     Type
  milliseconds    2   73[BANK0 ] unsigned int 
 Auto vars:     Size  Location     Type
  temp_time       2   75[BANK0 ] unsigned int 
 Return value:  Size  Location     Type
                  1    wreg      void 
 Registers used:
		wreg, status,2, status,0, cstack
 Tracked objects:
		On entry : 
		On exit  : 
		Unchanged: 
 Data sizes:     COMRAM   BANK0   BANK1   BANK2   BANK3   BANK4   BANK5   BANK6   BANK7
      Params:         0       2       0       0       0       0       0       0       0
      Locals:         0       2       0       0       0       0       0       0       0
      Temps:          0       0       0       0       0       0       0       0       0
      Totals:         0       4       0       0       0       0       0       0       0
Total ram usage:        4 bytes
 Hardware stack levels used:    1
 Hardware stack levels required when called:    7
 This function calls:
		___ftadd
		___ftdiv
		___ftneg
		___fttol
		___lwtoft
 This function is called by:
		_main
 This function uses a non-reentrant model


 *************** function _start_TMR0ms *****************
 Defined at:
		line 101 in file "timers.h"
 Parameters:    Size  Location     Type
  milliseconds    2   73[BANK0 ] unsigned int 
 Auto vars:     Size  Location     Type
  temp_time       2   75[BANK0 ] unsigned int 
 Return value:  Size  Location     Type
                  1    wreg      void 
 Registers used:
		wreg, status,2, status,0, cstack
 Tracked objects:
		On entry : 
		On exit  : 
		Unchanged: 
 Data sizes:     COMRAM   BANK0   BANK1   BANK2   BANK3   BANK4   BANK5   BANK6   BANK7
      Params:         0       2       0       0       0       0       0       0       0
      Locals:         0       2       0       0       0       0       0       0       0
      Temps:          0       0       0       0       0       0       0       0       0
      Totals:         0       4       0       0       0       0       0       0       0
Total ram usage:        4 bytes
 Hardware stack levels used:    1
 Hardware stack levels required when called:    7
 This function calls:
		___ftadd
		___ftdiv
		___ftneg
		___fttol
		___lwtoft
 This function is called by:
		_main
 This function uses a non-reentrant model


 *************** function ___lwtoft *****************
 Defined at:
		line 28 in file "C:\Program Files (x86)\Microchip\xc8\v1.42\sources\common\lwtoft.c"
 Parameters:    Size  Location     Type
  c               2   25[BANK0 ] unsigned int 
 Auto vars:     Size  Location     Type
		None
 Return value:  Size  Location     Type
                  3   25[BANK0 ] float 
 Registers used:
		wreg, status,2, status,0, cstack
 Tracked objects:
		On entry : 
		On exit  : 
		Unchanged: 
 Data sizes:     COMRAM   BANK0   BANK1   BANK2   BANK3   BANK4   BANK5   BANK6   BANK7
      Params:         0       3       0       0       0       0       0       0       0
      Locals:         0       0       0       0       0       0       0       0       0
      Temps:          0       0       0       0       0       0       0       0       0
      Totals:         0       3       0       0       0       0       0       0       0
Total ram usage:        3 bytes
 Hardware stack levels used:    1
 Hardware stack levels required when called:    6
 This function calls:
		___ftpack
 This function is called by:
		_start_TMR0ms
		_start_TMR1ms
		_start_TMR3ms
 This function uses a non-reentrant model


 *************** function ___fttol *****************
 Defined at:
		line 44 in file "C:\Program Files (x86)\Microchip\xc8\v1.42\sources\common\fttol.c"
 Parameters:    Size  Location     Type
  f1              3   58[BANK0 ] float 
 Auto vars:     Size  Location     Type
  lval            4   68[BANK0 ] unsigned long 
  exp1            1   72[BANK0 ] unsigned char 
  sign1           1   67[BANK0 ] unsigned char 
 Return value:  Size  Location     Type
                  4   58[BANK0 ] long 
 Registers used:
		wreg, status,2, status,0
 Tracked objects:
		On entry : 
		On exit  : 
		Unchanged: 
 Data sizes:     COMRAM   BANK0   BANK1   BANK2   BANK3   BANK4   BANK5   BANK6   BANK7
      Params:         0       4       0       0       0       0       0       0       0
      Locals:         0       6       0       0       0       0       0       0       0
      Temps:          0       5       0       0       0       0       0       0       0
      Totals:         0      15       0       0       0       0       0       0       0
Total ram usage:       15 bytes
 Hardware stack levels used:    1
 Hardware stack levels required when called:    5
 This function calls:
		Nothing
 This function is called by:
		_start_TMR0ms
		_start_TMR1ms
		_start_TMR3ms
 This function uses a non-reentrant model


 *************** function ___ftneg *****************
 Defined at:
		line 15 in file "C:\Program Files (x86)\Microchip\xc8\v1.42\sources\common\ftneg.c"
 Parameters:    Size  Location     Type
  f1              3   43[BANK0 ] float 
 Auto vars:     Size  Location     Type
		None
 Return value:  Size  Location     Type
                  3   43[BANK0 ] float 
 Registers used:
		wreg, status,2, status,0
 Tracked objects:
		On entry : 
		On exit  : 
		Unchanged: 
 Data sizes:     COMRAM   BANK0   BANK1   BANK2   BANK3   BANK4   BANK5   BANK6   BANK7
      Params:         0       3       0       0       0       0       0       0       0
      Locals:         0       0       0       0       0       0       0       0       0
      Temps:          0       0       0       0       0       0       0       0       0
      Totals:         0       3       0       0       0       0       0       0       0
Total ram usage:        3 bytes
 Hardware stack levels used:    1
 Hardware stack levels required when called:    5
 This function calls:
		Nothing
 This function is called by:
		_start_TMR0ms
		_start_TMR1ms
		_start_TMR3ms
 This function uses a non-reentrant model


 *************** function ___ftdiv *****************
 Defined at:
		line 54 in file "C:\Program Files (x86)\Microchip\xc8\v1.42\sources\common\ftdiv.c"
 Parameters:    Size  Location     Type
  f1              3   28[BANK0 ] float 
  f2              3   31[BANK0 ] float 
 Auto vars:     Size  Location     Type
  f3              3   38[BANK0 ] float 
  sign            1   42[BANK0 ] unsigned char 
  exp             1   41[BANK0 ] unsigned char 
  cntr            1   37[BANK0 ] unsigned char 
 Return value:  Size  Location     Type
                  3   28[BANK0 ] float 
 Registers used:
		wreg, status,2, status,0, cstack
 Tracked objects:
		On entry : 
		On exit  : 
		Unchanged: 
 Data sizes:     COMRAM   BANK0   BANK1   BANK2   BANK3   BANK4   BANK5   BANK6   BANK7
      Params:         0       6       0       0       0       0       0       0       0
      Locals:         0       6       0       0       0       0       0       0       0
      Temps:          0       3       0       0       0       0       0       0       0
      Totals:         0      15       0       0       0       0       0       0       0
Total ram usage:       15 bytes
 Hardware stack levels used:    1
 Hardware stack levels required when called:    6
 This function calls:
		___ftpack
 This function is called by:
		_start_TMR0ms
		_start_TMR1ms
		_start_TMR3ms
 This function uses a non-reentrant model


 *************** function ___ftadd *****************
 Defined at:
		line 86 in file "C:\Program Files (x86)\Microchip\xc8\v1.42\sources\common\ftadd.c"
 Parameters:    Size  Location     Type
  f1              3   46[BANK0 ] float 
  f2              3   49[BANK0 ] float 
 Auto vars:     Size  Location     Type
  exp1            1   57[BANK0 ] unsigned char 
  exp2            1   56[BANK0 ] unsigned char 
  sign            1   55[BANK0 ] unsigned char 
 Return value:  Size  Location     Type
                  3   46[BANK0 ] float 
 Registers used:
		wreg, status,2, status,0, cstack
 Tracked objects:
		On entry : 
		On exit  : 
		Unchanged: 
 Data sizes:     COMRAM   BANK0   BANK1   BANK2   BANK3   BANK4   BANK5   BANK6   BANK7
      Params:         0       6       0       0       0       0       0       0       0
      Locals:         0       3       0       0       0       0       0       0       0
      Temps:          0       3       0       0       0       0       0       0       0
      Totals:         0      12       0       0       0       0       0       0       0
Total ram usage:       12 bytes
 Hardware stack levels used:    1
 Hardware stack levels required when called:    6
 This function calls:
		___ftpack
 This function is called by:
		_start_TMR0ms
		_start_TMR1ms
		_start_TMR3ms
 This function uses a non-reentrant model


 *************** function ___ftpack *****************
 Defined at:
		line 62 in file "C:\Program Files (x86)\Microchip\xc8\v1.42\sources\common\float.c"
 Parameters:    Size  Location     Type
  arg             3   17[BANK0 ] unsigned um
  exp             1   20[BANK0 ] unsigned char 
  sign            1   21[BANK0 ] unsigned char 
 Auto vars:     Size  Location     Type
		None
 Return value:  Size  Location     Type
                  3   17[BANK0 ] float 
 Registers used:
		wreg, status,2, status,0
 Tracked objects:
		On entry : 
		On exit  : 
		Unchanged: 
 Data sizes:     COMRAM   BANK0   BANK1   BANK2   BANK3   BANK4   BANK5   BANK6   BANK7
      Params:         0       5       0       0       0       0       0       0       0
      Locals:         0       0       0       0       0       0       0       0       0
      Temps:          0       3       0       0       0       0       0       0       0
      Totals:         0       8       0       0       0       0       0       0       0
Total ram usage:        8 bytes
 Hardware stack levels used:    1
 Hardware stack levels required when called:    5
 This function calls:
		Nothing
 This function is called by:
		___ftadd
		___ftdiv
		___lwtoft
 This function uses a non-reentrant model


 *************** function _config_TMR3 *****************
 Defined at:
		line 195 in file "timers.h"
 Parameters:    Size  Location     Type
  check_flag_m    1    wreg     unsigned char 
  clock_source    1   17[BANK0 ] unsigned char 
 Auto vars:     Size  Location     Type
  check_flag_m    1   18[BANK0 ] unsigned char 
 Return value:  Size  Location     Type
                  1    wreg      void 
 Registers used:
		wreg, status,2
 Tracked objects:
		On entry : 
		On exit  : 
		Unchanged: 
 Data sizes:     COMRAM   BANK0   BANK1   BANK2   BANK3   BANK4   BANK5   BANK6   BANK7
      Params:         0       1       0       0       0       0       0       0       0
      Locals:         0       1       0       0       0       0       0       0       0
      Temps:          0       0       0       0       0       0       0       0       0
      Totals:         0       2       0       0       0       0       0       0       0
Total ram usage:        2 bytes
 Hardware stack levels used:    1
 Hardware stack levels required when called:    5
 This function calls:
		Nothing
 This function is called by:
		_main
 This function uses a non-reentrant model


 *************** function _config_TMR1 *****************
 Defined at:
		line 125 in file "timers.h"
 Parameters:    Size  Location     Type
  check_flag_m    1    wreg     unsigned char 
  clock_source    1   17[BANK0 ] unsigned char 
 Auto vars:     Size  Location     Type
  check_flag_m    1   18[BANK0 ] unsigned char 
 Return value:  Size  Location     Type
                  1    wreg      void 
 Registers used:
		wreg, status,2
 Tracked objects:
		On entry : 
		On exit  : 
		Unchanged: 
 Data sizes:     COMRAM   BANK0   BANK1   BANK2   BANK3   BANK4   BANK5   BANK6   BANK7
      Params:         0       1       0       0       0       0       0       0       0
      Locals:         0       1       0       0       0       0       0       0       0
      Temps:          0       0       0       0       0       0       0       0       0
      Totals:         0       2       0       0       0       0       0       0       0
Total ram usage:        2 bytes
 Hardware stack levels used:    1
 Hardware stack levels required when called:    5
 This function calls:
		Nothing
 This function is called by:
		_main
 This function uses a non-reentrant model


 *************** function _config_TMR0 *****************
 Defined at:
		line 30 in file "timers.h"
 Parameters:    Size  Location     Type
  check_flag_m    1    wreg     unsigned char 
  clock_source    1   17[BANK0 ] unsigned char 
 Auto vars:     Size  Location     Type
  check_flag_m    1   18[BANK0 ] unsigned char 
 Return value:  Size  Location     Type
                  1    wreg      void 
 Registers used:
		wreg, status,2
 Tracked objects:
		On entry : 
		On exit  : 
		Unchanged: 
 Data sizes:     COMRAM   BANK0   BANK1   BANK2   BANK3   BANK4   BANK5   BANK6   BANK7
      Params:         0       1       0       0       0       0       0       0       0
      Locals:         0       1       0       0       0       0       0       0       0
      Temps:          0       0       0       0       0       0       0       0       0
      Totals:         0       2       0       0       0       0       0       0       0
Total ram usage:        2 bytes
 Hardware stack levels used:    1
 Hardware stack levels required when called:    5
 This function calls:
		Nothing
 This function is called by:
		_main
 This function uses a non-reentrant model


 *************** function _low_isr *****************
 Defined at:
		line 41 in file "timers.c"
 Parameters:    Size  Location     Type
		None
 Auto vars:     Size  Location     Type
		None
 Return value:  Size  Location     Type
                  1    wreg      void 
 Registers used:
		None
 Tracked objects:
		On entry : 
		On exit  : 
		Unchanged: 
 Data sizes:     COMRAM   BANK0   BANK1   BANK2   BANK3   BANK4   BANK5   BANK6   BANK7
      Params:         0       0       0       0       0       0       0       0       0
      Locals:         0       0       0       0       0       0       0       0       0
      Temps:          0      17       0       0       0       0       0       0       0
      Totals:         0      17       0       0       0       0       0       0       0
Total ram usage:       17 bytes
 Hardware stack levels used:    1
 Hardware stack levels required when called:    4
 This function calls:
		Nothing
 This function is called by:
		Interrupt level 1
 This function uses a non-reentrant model


 *************** function _high_isr *****************
 Defined at:
		line 19 in file "timers.c"
 Parameters:    Size  Location     Type
		None
 Auto vars:     Size  Location     Type
		None
 Return value:  Size  Location     Type
                  1    wreg      void 
 Registers used:
		wreg, status,2, status,0, cstack
 Tracked objects:
		On entry : 
		On exit  : 
		Unchanged: 
 Data sizes:     COMRAM   BANK0   BANK1   BANK2   BANK3   BANK4   BANK5   BANK6   BANK7
      Params:         0       0       0       0       0       0       0       0       0
      Locals:         0       0       0       0       0       0       0       0       0
      Temps:         14       0       0       0       0       0       0       0       0
      Totals:        14       0       0       0       0       0       0       0       0
Total ram usage:       14 bytes
 Hardware stack levels used:    1
 Hardware stack levels required when called:    3
 This function calls:
		i2_start_TMR0ms
		i2_start_TMR1ms
		i2_start_TMR3ms
 This function is called by:
		Interrupt level 2
 This function uses a non-reentrant model


 *************** function i2_start_TMR3ms *****************
 Defined at:
		line 245 in file "timers.h"
 Parameters:    Size  Location     Type
  milliseconds    2   56[COMRAM] unsigned int 
 Auto vars:     Size  Location     Type
  start_TMR3ms    2   58[COMRAM] unsigned int 
 Return value:  Size  Location     Type
                  1    wreg      void 
 Registers used:
		wreg, status,2, status,0, cstack
 Tracked objects:
		On entry : 
		On exit  : 
		Unchanged: 
 Data sizes:     COMRAM   BANK0   BANK1   BANK2   BANK3   BANK4   BANK5   BANK6   BANK7
      Params:         2       0       0       0       0       0       0       0       0
      Locals:         2       0       0       0       0       0       0       0       0
      Temps:          0       0       0       0       0       0       0       0       0
      Totals:         4       0       0       0       0       0       0       0       0
Total ram usage:        4 bytes
 Hardware stack levels used:    1
 Hardware stack levels required when called:    2
 This function calls:
		i2___ftadd
		i2___ftdiv
		i2___ftneg
		i2___fttol
		i2___lwtoft
 This function is called by:
		_high_isr
 This function uses a non-reentrant model


 *************** function i2_start_TMR1ms *****************
 Defined at:
		line 173 in file "timers.h"
 Parameters:    Size  Location     Type
  milliseconds    2   56[COMRAM] unsigned int 
 Auto vars:     Size  Location     Type
  start_TMR1ms    2   58[COMRAM] unsigned int 
 Return value:  Size  Location     Type
                  1    wreg      void 
 Registers used:
		wreg, status,2, status,0, cstack
 Tracked objects:
		On entry : 
		On exit  : 
		Unchanged: 
 Data sizes:     COMRAM   BANK0   BANK1   BANK2   BANK3   BANK4   BANK5   BANK6   BANK7
      Params:         2       0       0       0       0       0       0       0       0
      Locals:         2       0       0       0       0       0       0       0       0
      Temps:          0       0       0       0       0       0       0       0       0
      Totals:         4       0       0       0       0       0       0       0       0
Total ram usage:        4 bytes
 Hardware stack levels used:    1
 Hardware stack levels required when called:    2
 This function calls:
		i2___ftadd
		i2___ftdiv
		i2___ftneg
		i2___fttol
		i2___lwtoft
 This function is called by:
		_high_isr
 This function uses a non-reentrant model


 *************** function i2_start_TMR0ms *****************
 Defined at:
		line 101 in file "timers.h"
 Parameters:    Size  Location     Type
  milliseconds    2   56[COMRAM] unsigned int 
 Auto vars:     Size  Location     Type
  start_TMR0ms    2   58[COMRAM] unsigned int 
 Return value:  Size  Location     Type
                  1    wreg      void 
 Registers used:
		wreg, status,2, status,0, cstack
 Tracked objects:
		On entry : 
		On exit  : 
		Unchanged: 
 Data sizes:     COMRAM   BANK0   BANK1   BANK2   BANK3   BANK4   BANK5   BANK6   BANK7
      Params:         2       0       0       0       0       0       0       0       0
      Locals:         2       0       0       0       0       0       0       0       0
      Temps:          0       0       0       0       0       0       0       0       0
      Totals:         4       0       0       0       0       0       0       0       0
Total ram usage:        4 bytes
 Hardware stack levels used:    1
 Hardware stack levels required when called:    2
 This function calls:
		i2___ftadd
		i2___ftdiv
		i2___ftneg
		i2___fttol
		i2___lwtoft
 This function is called by:
		_high_isr
 This function uses a non-reentrant model


 *************** function i2___lwtoft *****************
 Defined at:
		line 28 in file "C:\Program Files (x86)\Microchip\xc8\v1.42\sources\common\lwtoft.c"
 Parameters:    Size  Location     Type
  c               2    8[COMRAM] unsigned int 
 Auto vars:     Size  Location     Type
		None
 Return value:  Size  Location     Type
                  3    8[COMRAM] float 
 Registers used:
		wreg, status,2, status,0, cstack
 Tracked objects:
		On entry : 
		On exit  : 
		Unchanged: 
 Data sizes:     COMRAM   BANK0   BANK1   BANK2   BANK3   BANK4   BANK5   BANK6   BANK7
      Params:         3       0       0       0       0       0       0       0       0
      Locals:         0       0       0       0       0       0       0       0       0
      Temps:          0       0       0       0       0       0       0       0       0
      Totals:         3       0       0       0       0       0       0       0       0
Total ram usage:        3 bytes
 Hardware stack levels used:    1
 Hardware stack levels required when called:    1
 This function calls:
		i2___ftpack
 This function is called by:
		i2_start_TMR0ms
		i2_start_TMR1ms
		i2_start_TMR3ms
 This function uses a non-reentrant model


 *************** function i2___fttol *****************
 Defined at:
		line 44 in file "C:\Program Files (x86)\Microchip\xc8\v1.42\sources\common\fttol.c"
 Parameters:    Size  Location     Type
  f1              3   41[COMRAM] float 
 Auto vars:     Size  Location     Type
  __fttol         4   51[COMRAM] unsigned long 
  __fttol         1   55[COMRAM] unsigned char 
  __fttol         1   50[COMRAM] unsigned char 
 Return value:  Size  Location     Type
                  4   41[COMRAM] long 
 Registers used:
		wreg, status,2, status,0
 Tracked objects:
		On entry : 
		On exit  : 
		Unchanged: 
 Data sizes:     COMRAM   BANK0   BANK1   BANK2   BANK3   BANK4   BANK5   BANK6   BANK7
      Params:         4       0       0       0       0       0       0       0       0
      Locals:         6       0       0       0       0       0       0       0       0
      Temps:          5       0       0       0       0       0       0       0       0
      Totals:        15       0       0       0       0       0       0       0       0
Total ram usage:       15 bytes
 Hardware stack levels used:    1
 This function calls:
		Nothing
 This function is called by:
		i2_start_TMR0ms
		i2_start_TMR1ms
		i2_start_TMR3ms
 This function uses a non-reentrant model


 *************** function i2___ftneg *****************
 Defined at:
		line 15 in file "C:\Program Files (x86)\Microchip\xc8\v1.42\sources\common\ftneg.c"
 Parameters:    Size  Location     Type
  f1              3   26[COMRAM] float 
 Auto vars:     Size  Location     Type
		None
 Return value:  Size  Location     Type
                  3   26[COMRAM] float 
 Registers used:
		wreg, status,2, status,0
 Tracked objects:
		On entry : 
		On exit  : 
		Unchanged: 
 Data sizes:     COMRAM   BANK0   BANK1   BANK2   BANK3   BANK4   BANK5   BANK6   BANK7
      Params:         3       0       0       0       0       0       0       0       0
      Locals:         0       0       0       0       0       0       0       0       0
      Temps:          0       0       0       0       0       0       0       0       0
      Totals:         3       0       0       0       0       0       0       0       0
Total ram usage:        3 bytes
 Hardware stack levels used:    1
 This function calls:
		Nothing
 This function is called by:
		i2_start_TMR0ms
		i2_start_TMR1ms
		i2_start_TMR3ms
 This function uses a non-reentrant model


 *************** function i2___ftdiv *****************
 Defined at:
		line 54 in file "C:\Program Files (x86)\Microchip\xc8\v1.42\sources\common\ftdiv.c"
 Parameters:    Size  Location     Type
  f1              3   11[COMRAM] float 
  f2              3   14[COMRAM] float 
 Auto vars:     Size  Location     Type
  __ftdiv         3   21[COMRAM] float 
  __ftdiv         1   25[COMRAM] unsigned char 
  __ftdiv         1   24[COMRAM] unsigned char 
  __ftdiv         1   20[COMRAM] unsigned char 
 Return value:  Size  Location     Type
                  3   11[COMRAM] float 
 Registers used:
		wreg, status,2, status,0, cstack
 Tracked objects:
		On entry : 
		On exit  : 
		Unchanged: 
 Data sizes:     COMRAM   BANK0   BANK1   BANK2   BANK3   BANK4   BANK5   BANK6   BANK7
      Params:         6       0       0       0       0       0       0       0       0
      Locals:         6       0       0       0       0       0       0       0       0
      Temps:          3       0       0       0       0       0       0       0       0
      Totals:        15       0       0       0       0       0       0       0       0
Total ram usage:       15 bytes
 Hardware stack levels used:    1
 Hardware stack levels required when called:    1
 This function calls:
		i2___ftpack
 This function is called by:
		i2_start_TMR0ms
		i2_start_TMR1ms
		i2_start_TMR3ms
 This function uses a non-reentrant model


 *************** function i2___ftadd *****************
 Defined at:
		line 86 in file "C:\Program Files (x86)\Microchip\xc8\v1.42\sources\common\ftadd.c"
 Parameters:    Size  Location     Type
  f1              3   29[COMRAM] float 
  f2              3   32[COMRAM] float 
 Auto vars:     Size  Location     Type
  __ftadd         1   40[COMRAM] unsigned char 
  __ftadd         1   39[COMRAM] unsigned char 
  __ftadd         1   38[COMRAM] unsigned char 
 Return value:  Size  Location     Type
                  3   29[COMRAM] float 
 Registers used:
		wreg, status,2, status,0, cstack
 Tracked objects:
		On entry : 
		On exit  : 
		Unchanged: 
 Data sizes:     COMRAM   BANK0   BANK1   BANK2   BANK3   BANK4   BANK5   BANK6   BANK7
      Params:         6       0       0       0       0       0       0       0       0
      Locals:         3       0       0       0       0       0       0       0       0
      Temps:          3       0       0       0       0       0       0       0       0
      Totals:        12       0       0       0       0       0       0       0       0
Total ram usage:       12 bytes
 Hardware stack levels used:    1
 Hardware stack levels required when called:    1
 This function calls:
		i2___ftpack
 This function is called by:
		i2_start_TMR0ms
		i2_start_TMR1ms
		i2_start_TMR3ms
 This function uses a non-reentrant model


 *************** function i2___ftpack *****************
 Defined at:
		line 62 in file "C:\Program Files (x86)\Microchip\xc8\v1.42\sources\common\float.c"
 Parameters:    Size  Location     Type
  arg             3    0[COMRAM] unsigned um
  exp             1    3[COMRAM] unsigned char 
  sign            1    4[COMRAM] unsigned char 
 Auto vars:     Size  Location     Type
		None
 Return value:  Size  Location     Type
                  3    0[COMRAM] float 
 Registers used:
		wreg, status,2, status,0
 Tracked objects:
		On entry : 
		On exit  : 
		Unchanged: 
 Data sizes:     COMRAM   BANK0   BANK1   BANK2   BANK3   BANK4   BANK5   BANK6   BANK7
      Params:         5       0       0       0       0       0       0       0       0
      Locals:         0       0       0       0       0       0       0       0       0
      Temps:          3       0       0       0       0       0       0       0       0
      Totals:         8       0       0       0       0       0       0       0       0
Total ram usage:        8 bytes
 Hardware stack levels used:    1
 This function calls:
		Nothing
 This function is called by:
		i2___ftadd
		i2___ftdiv
		i2___lwtoft
 This function uses a non-reentrant model



MODULE INFORMATION

Module		Function		Class		Link	Load	Size
timers.c
		_main          		CODE           	1F28	0000	97
		_high_isr      		CODE           	1008	0000	195
		_low_isr       		CODE           	1018	0000	143

timers.c estimated size: 435

C:\Program Files (x86)\Microchip\xc8\v1.42\sources\common\ftdiv.c
		___ftdiv       		CODE           	14BE	0000	333

C:\Program Files (x86)\Microchip\xc8\v1.42\sources\common\ftdiv.c estimated size: 333

timers.h
		_start_TMR0ms  		CODE           	1CDE	0000	161
		_start_TMR1ms  		CODE           	1C3E	0000	161
		_start_TMR3ms  		CODE           	1B9E	0000	161
		_config_TMR0   		CODE           	203E	0000	43
		_config_TMR1   		CODE           	1FE6	0000	47
		_config_TMR3   		CODE           	1FB8	0000	47

timers.h estimated size: 620

C:\Program Files (x86)\Microchip\xc8\v1.42\sources\common\fttol.c
		___fttol       		CODE           	160A	0000	325

C:\Program Files (x86)\Microchip\xc8\v1.42\sources\common\fttol.c estimated size: 325

C:\Program Files (x86)\Microchip\xc8\v1.42\sources\common\ftadd.c
		___ftadd       		CODE           	10AA	0000	617

C:\Program Files (x86)\Microchip\xc8\v1.42\sources\common\ftadd.c estimated size: 617

C:\Program Files (x86)\Microchip\xc8\v1.42\sources\common\lwtoft.c
		___lwtoft      		CODE           	2014	0000	43

C:\Program Files (x86)\Microchip\xc8\v1.42\sources\common\lwtoft.c estimated size: 43

shared
		i2___ftneg     		CODE           	208C	0000	37
		i2___ftadd     		CODE           	1312	0000	429
		i2___ftdiv     		CODE           	194E	0000	231
		i2___fttol     		CODE           	185A	0000	245
		i2___lwtoft    		CODE           	2068	0000	37
		i2___ftpack    		CODE           	1AF0	0000	175
		__initialization		CODE           	20B0	0000	1
		i2_start_TMR0ms		CODE           	1E9A	0000	143
		i2_start_TMR1ms		CODE           	1E0C	0000	143
		i2_start_TMR3ms		CODE           	1D7E	0000	143

shared estimated size: 1584

C:\Program Files (x86)\Microchip\xc8\v1.42\sources\common\ftneg.c
		___ftneg       		CODE           	1F88	0000	49

C:\Program Files (x86)\Microchip\xc8\v1.42\sources\common\ftneg.c estimated size: 49

C:\Program Files (x86)\Microchip\xc8\v1.42\sources\common\float.c
		___ftpack      		CODE           	174E	0000	269

C:\Program Files (x86)\Microchip\xc8\v1.42\sources\common\float.c estimated size: 269

