Microchip MPLAB XC8 Compiler V1.42 ()

Linker command line:

-W-3 --edf=C:\Program Files (x86)\Microchip\xc8\v1.42\dat\en_msgs.txt -cs \
  -h+dist/default/production\LCD.X.production.sym \
  --cmf=dist/default/production\LCD.X.production.cmf -z -Q18F45K50 \
  -oC:\Users\usuario\AppData\Local\Temp\s1uig.2 \
  -Mdist/default/production/LCD.X.production.map -E1 -ver=XC8 \
  -ASTACK=060h-07ffh -pstack=STACK -ACODE=01000h-07FFFh \
  -ACONST=01000h-07FFFh -ASMALLCONST=01000h-010FFhx112 \
  -AMEDIUMCONST=01000h-07FFFh -ACOMRAM=01h-05Fh -AABS1=00h-07FFh \
  -ABIGRAM=01h-07FFh -ARAM=060h-0FFh,0100h-01FFhx7 -ABANK0=060h-0FFh \
  -ABANK1=0100h-01FFh -ABANK2=0200h-02FFh -ABANK3=0300h-03FFh \
  -ABANK4=0400h-04FFh -ABANK5=0500h-05FFh -ABANK6=0600h-06FFh \
  -ABANK7=0700h-07FFh -ASFR=0F53h-0F5Fh,0F60h-0FFFh \
  -preset_vec=01000h,intcode,intcodelo,powerup,init -pramtop=0800h \
  -psmallconst=SMALLCONST -pmediumconst=MEDIUMCONST -pconst=CONST \
  -AFARRAM=00h-00h -ACONFIG=0300000h-030000Dh -pconfig=CONFIG \
  -AIDLOC=0200000h-0200007h -pidloc=IDLOC -AEEDATA=0F00000h-0F000FFh \
  -peeprom_data=EEDATA \
  -prdata=COMRAM,nvrram=COMRAM,nvbit=COMRAM,rbss=COMRAM,rbit=COMRAM \
  -pfarbss=FARRAM,fardata=FARRAM,nvFARRAM=FARRAM \
  -pintsave_regs=BIGRAM,bigbss=BIGRAM,bigdata=BIGRAM -pbss=RAM \
  -pidata=CODE,irdata=CODE,ibigdata=CODE,ifardata=CODE -prparam=COMRAM \
  C:\Users\usuario\AppData\Local\Temp\s1uig.obj \
  dist/default/production\LCD.X.production.obj 

Object code version is 3.11

Machine type is 18F45K50

Call graph: (short form)




                Name                               Link     Load   Length Selector   Space Scale
C:\Users\usuario\AppData\Local\Temp\s1uig.obj
                init                               1000     1000        4      800       0
                idloc                            200000   200000        8   200000       0
                config                           300000   300000        E   300000       0
dist/default/production\LCD.X.production.obj
                smallconst                         1004     1004       1A      802       0
                text5                              7E7A     7E7A       54     3F3D       0
                text4                              7ECE     7ECE       62     3F67       0
                text3                              7E2C     7E2C       4E     3F16       0
                text2                              7DEE     7DEE       3E     3EF7       0
                text1                              7F30     7F30       D0     3F98       0
                text0                              7DDC     7DDC       12     3EEE       0
                cstackCOMRAM                          1        1       10        1       1
                cinit                              7DD2     7DD2        A     3EE9       0

TOTAL           Name                               Link     Load   Length     Space
        CLASS   STACK          

        CLASS   CODE           
                init                               1000     1000        4         0
                text5                              7E7A     7E7A       54         0
                text4                              7ECE     7ECE       62         0
                text3                              7E2C     7E2C       4E         0
                text2                              7DEE     7DEE       3E         0
                text1                              7F30     7F30       D0         0
                text0                              7DDC     7DDC       12         0
                cinit                              7DD2     7DD2        A         0

        CLASS   CONST          

        CLASS   SMALLCONST     
                smallconst                         1004     1004       1A         0

        CLASS   MEDIUMCONST    

        CLASS   COMRAM         
                cstackCOMRAM                          1        1       10         1

        CLASS   ABS1           

        CLASS   BIGRAM         

        CLASS   RAM            

        CLASS   BANK0          

        CLASS   BANK1          

        CLASS   BANK2          

        CLASS   BANK3          

        CLASS   BANK4          

        CLASS   BANK5          

        CLASS   BANK6          

        CLASS   BANK7          

        CLASS   SFR            

        CLASS   FARRAM         

        CLASS   CONFIG         
                config                           300000   300000        E         0

        CLASS   IDLOC          
                idloc                            200000   200000        8         0

        CLASS   EEDATA         



SEGMENTS        Name                           Load    Length   Top    Selector   Space  Class

                cstackCOMRAM                   000001  000010  000011         1       1  COMRAM  
                reset_vec                      001000  000004  001004       800       0  CODE    
                smallconst                     001004  00001A  00101E       802       0  SMALLCON
                cinit                          007DD2  00000A  007DDC      3EE9       0  CODE    
                text0                          007DDC  000012  007DEE      3EEE       0  CODE    
                text2                          007DEE  00003E  007E2C      3EF7       0  CODE    
                text3                          007E2C  00004E  007E7A      3F16       0  CODE    
                text5                          007E7A  000054  007ECE      3F3D       0  CODE    
                text4                          007ECE  000062  007F30      3F67       0  CODE    
                text1                          007F30  0000D0  008000      3F98       0  CODE    
                idloc                          200000  000008  200008    200000       0  IDLOC   
                config                         300000  00000E  30000E    300000       0  CONFIG  


UNUSED ADDRESS RANGES

        Name                Unused          Largest block    Delta
        BANK0            000060-0000FF               A0
        BANK1            000100-0001FF              100
        BANK2            000200-0002FF              100
        BANK3            000300-0003FF              100
        BANK4            000400-0004FF              100
        BANK5            000500-0005FF              100
        BANK6            000600-0006FF              100
        BANK7            000700-0007FF              100
        BIGRAM           000011-0007FF              7EF
        CODE             00101E-007DD1             6DB4
        COMRAM           000011-00005F               4F
        CONST            00101E-007DD1             6DB4
        EEDATA           F00000-F000FF              100
        FARRAM           000000-000000                1
        MEDIUMCONST      00101E-007DD1             6DB4
        RAM              000060-0007FF              100
        SFR              000F53-000FFF                D
        SMALLCONST       00101E-007DD1              100
        STACK            000060-0007FF              7A0

                                  Symbol Table

?_strlen                  cstackCOMRAM 000001
LCD_SetCursor@col         cstackCOMRAM 000004
LCD_SetCursor@row         cstackCOMRAM 000005
LCD_WriteByte@CommandData cstackCOMRAM 000001
LCD_WriteByte@InputValue  cstackCOMRAM 000003
LCD_WriteMsg@charsLeft    cstackCOMRAM 00000E
LCD_WriteMsg@i            cstackCOMRAM 000010
LCD_WriteMsg@j            cstackCOMRAM 00000F
LCD_WriteMsg@lcdColPos    cstackCOMRAM 00000C
LCD_WriteMsg@lcdRowPos    cstackCOMRAM 00000B
LCD_WriteMsg@msg          cstackCOMRAM 000007
LCD_WriteMsg@msgSize      cstackCOMRAM 00000D
_ANSELC                   (abs)        000F5D
_ANSELD                   (abs)        000F5E
_LATC                     (abs)        000F8B
_LATCbits                 (abs)        000F8B
_LATD                     (abs)        000F8C
_LCD_Init                 text4        007ECE
_LCD_SetCursor            text3        007E2C
_LCD_WriteByte            text5        007E7A
_LCD_WriteMsg             text1        007F30
_R_W                      (abs)        007E3A
_TRISC                    (abs)        000F94
_TRISD                    (abs)        000F95
__HRAM                    (abs)        000000
__Habs1                   abs1         000000
__Hbank0                  bank0        000000
__Hbank1                  bank1        000000
__Hbank2                  bank2        000000
__Hbank3                  bank3        000000
__Hbank4                  bank4        000000
__Hbank5                  bank5        000000
__Hbank6                  bank6        000000
__Hbank7                  bank7        000000
__Hbigbss                 bigbss       000000
__Hbigdata                bigdata      000000
__Hbigram                 bigram       000000
__Hbss                    bss          000000
__Hcinit                  cinit        000000
__Hclrtext                clrtext      000000
__Hcomram                 comram       000000
__Hconfig                 config       30000E
__Hconst                  const        000000
__HcstackCOMRAM           cstackCOMRAM 000000
__Hdata                   data         000000
__Heeprom_data            eeprom_data  000000
__Hfarbss                 farbss       000000
__Hfardata                fardata      000000
__Hibigdata               ibigdata     000000
__Hidata                  idata        000000
__Hidloc                  idloc        200008
__Hifardata               ifardata     000000
__Hinit                   init         001004
__Hintcode                intcode      001000
__Hintcode_body           intcode_body 000000
__Hintcodelo              intcodelo    001000
__Hintentry               intentry     000000
__Hintret                 intret       000000
__Hintsave_regs           intsave_regs 000000
__Hirdata                 irdata       000000
__Hmediumconst            mediumconst  000000
__HnvFARRAM               nvFARRAM     000000
__Hnvbit                  nvbit        000000
__Hnvrram                 nvrram       000000
__Hparam                  rparam       000000
__Hpowerup                powerup      001000
__Hram                    ram          000000
__Hramtop                 ramtop       000800
__Hrbit                   rbit         000000
__Hrbss                   rbss         000000
__Hrdata                  rdata        000000
__Hreset_vec              reset_vec    001000
__Hrparam                 rparam       000000
__Hsfr                    sfr          000000
__Hsmallconst             smallconst   00101E
__Hspace_0                (abs)        30000E
__Hspace_1                (abs)        000011
__Hspace_2                (abs)        000000
__Hstack                  stack        000000
__Hstruct                 struct       000000
__Htemp                   temp         000000
__Htext                   text         000000
__Htext0                  text0        000000
__Htext1                  text1        000000
__Htext2                  text2        000000
__Htext3                  text3        000000
__Htext4                  text4        000000
__Htext5                  text5        000000
__LRAM                    (abs)        000001
__Labs1                   abs1         000000
__Lbank0                  bank0        000000
__Lbank1                  bank1        000000
__Lbank2                  bank2        000000
__Lbank3                  bank3        000000
__Lbank4                  bank4        000000
__Lbank5                  bank5        000000
__Lbank6                  bank6        000000
__Lbank7                  bank7        000000
__Lbigbss                 bigbss       000000
__Lbigdata                bigdata      000000
__Lbigram                 bigram       000000
__Lbss                    bss          000000
__Lcinit                  cinit        000000
__Lclrtext                clrtext      000000
__Lcomram                 comram       000000
__Lconfig                 config       300000
__Lconst                  const        000000
__LcstackCOMRAM           cstackCOMRAM 000000
__Ldata                   data         000000
__Leeprom_data            eeprom_data  000000
__Lfarbss                 farbss       000000
__Lfardata                fardata      000000
__Libigdata               ibigdata     000000
__Lidata                  idata        000000
__Lidloc                  idloc        200000
__Lifardata               ifardata     000000
__Linit                   init         001000
__Lintcode                intcode      001000
__Lintcode_body           intcode_body 000000
__Lintcodelo              intcodelo    001000
__Lintentry               intentry     000000
__Lintret                 intret       000000
__Lintsave_regs           intsave_regs 000000
__Lirdata                 irdata       000000
__Lmediumconst            mediumconst  000000
__LnvFARRAM               nvFARRAM     000000
__Lnvbit                  nvbit        000000
__Lnvrram                 nvrram       000000
__Lparam                  rparam       000000
__Lpowerup                powerup      001000
__Lram                    ram          000000
__Lramtop                 ramtop       000800
__Lrbit                   rbit         000000
__Lrbss                   rbss         000000
__Lrdata                  rdata        000000
__Lreset_vec              reset_vec    001000
__Lrparam                 rparam       000000
__Lsfr                    sfr          000000
__Lsmallconst             smallconst   001004
__Lspace_0                (abs)        000000
__Lspace_1                (abs)        000000
__Lspace_2                (abs)        000000
__Lstack                  stack        000000
__Lstruct                 struct       000000
__Ltemp                   temp         000000
__Ltext                   text         000000
__Ltext0                  text0        000000
__Ltext1                  text1        000000
__Ltext2                  text2        000000
__Ltext3                  text3        000000
__Ltext4                  text4        000000
__Ltext5                  text5        000000
__S0                      (abs)        30000E
__S1                      (abs)        000011
__S2                      (abs)        000000
___inthi_sp               stack        000000
___intlo_sp               stack        000000
___param_bank             (abs)        000000
___rparam_used            (abs)        000001
___sp                     stack        000000
__accesstop               (abs)        000060
__activetblptr            (abs)        000002
__end_of_LCD_Init         text4        007F30
__end_of_LCD_SetCursor    text3        007E7A
__end_of_LCD_WriteByte    text5        007ECE
__end_of_LCD_WriteMsg     text1        008000
__end_of__initialization  cinit        007DD2
__end_of_main             text0        007DEE
__end_of_strlen           text2        007E2C
__initialization          cinit        007DD2
__mediumconst             mediumconst  000000
__pcinit                  cinit        007DD2
__pcstackCOMRAM           cstackCOMRAM 000001
__psmallconst             smallconst   001004
__ptext0                  text0        007DDC
__ptext1                  text1        007F30
__ptext2                  text2        007DEE
__ptext3                  text3        007E2C
__ptext4                  text4        007ECE
__ptext5                  text5        007E7A
__ramtop                  ramtop       000800
__size_of_LCD_Init        (abs)        000000
__size_of_LCD_SetCursor   (abs)        000000
__size_of_LCD_WriteByte   (abs)        000000
__size_of_LCD_WriteMsg    (abs)        000000
__size_of_main            (abs)        000000
__size_of_strlen          (abs)        000000
__smallconst              smallconst   001004
_main                     text0        007DDC
_strlen                   text2        007DEE
end_of_initialization     cinit        007DD2
intlevel0                 text         000000
intlevel1                 text         000000
intlevel2                 text         000000
intlevel3                 text         000000
stackhi                   (abs)        0007FF
stacklo                   (abs)        000060
start                     init         001000
start_initialization      cinit        007DD2
strlen@cp                 cstackCOMRAM 000005
strlen@s                  cstackCOMRAM 000001


FUNCTION INFORMATION:

 *************** function _main *****************
 Defined at:
		line 15 in file "main.c"
 Parameters:    Size  Location     Type
		None
 Auto vars:     Size  Location     Type
		None
 Return value:  Size  Location     Type
                  1    wreg      void 
 Registers used:
		wreg, status,2, status,0, tblptrl, tblptrh, tblptru, prodl, prodh, cstack
 Tracked objects:
		On entry : 
		On exit  : 
		Unchanged: 
 Data sizes:     COMRAM   BANK0   BANK1   BANK2   BANK3   BANK4   BANK5   BANK6   BANK7
      Params:         0       0       0       0       0       0       0       0       0
      Locals:         0       0       0       0       0       0       0       0       0
      Temps:          0       0       0       0       0       0       0       0       0
      Totals:         0       0       0       0       0       0       0       0       0
Total ram usage:        0 bytes
 Hardware stack levels required when called:    3
 This function calls:
		_LCD_Init
		_LCD_WriteMsg
 This function is called by:
		Startup code after reset
 This function uses a non-reentrant model


 *************** function _LCD_WriteMsg *****************
 Defined at:
		line 100 in file "LCD.c"
 Parameters:    Size  Location     Type
  msg             2    6[COMRAM] PTR unsigned char 
		 -> STR_1(24), 
 Auto vars:     Size  Location     Type
  i               1   15[COMRAM] unsigned char 
  j               1   14[COMRAM] unsigned char 
  charsLeft       1   13[COMRAM] unsigned char 
  msgSize         1   12[COMRAM] unsigned char 
  lcdColPos       1   11[COMRAM] unsigned char 
  lcdRowPos       1   10[COMRAM] unsigned char 
 Return value:  Size  Location     Type
                  1    wreg      void 
 Registers used:
		wreg, status,2, status,0, tblptrl, tblptrh, tblptru, prodl, prodh, cstack
 Tracked objects:
		On entry : 
		On exit  : 
		Unchanged: 
 Data sizes:     COMRAM   BANK0   BANK1   BANK2   BANK3   BANK4   BANK5   BANK6   BANK7
      Params:         2       0       0       0       0       0       0       0       0
      Locals:         6       0       0       0       0       0       0       0       0
      Temps:          2       0       0       0       0       0       0       0       0
      Totals:        10       0       0       0       0       0       0       0       0
Total ram usage:       10 bytes
 Hardware stack levels used:    1
 Hardware stack levels required when called:    2
 This function calls:
		_LCD_SetCursor
		_LCD_WriteByte
		_strlen
 This function is called by:
		_main
 This function uses a non-reentrant model


 *************** function _strlen *****************
 Defined at:
		line 4 in file "C:\Program Files (x86)\Microchip\xc8\v1.42\sources\common\strlen.c"
 Parameters:    Size  Location     Type
  s               2    0[COMRAM] PTR const unsigned char 
		 -> STR_1(24), 
 Auto vars:     Size  Location     Type
  cp              2    4[COMRAM] PTR const unsigned char 
		 -> STR_1(24), 
 Return value:  Size  Location     Type
                  2    0[COMRAM] unsigned int 
 Registers used:
		wreg, status,2, status,0, tblptrl, tblptrh, tblptru
 Tracked objects:
		On entry : 
		On exit  : 
		Unchanged: 
 Data sizes:     COMRAM   BANK0   BANK1   BANK2   BANK3   BANK4   BANK5   BANK6   BANK7
      Params:         2       0       0       0       0       0       0       0       0
      Locals:         2       0       0       0       0       0       0       0       0
      Temps:          2       0       0       0       0       0       0       0       0
      Totals:         6       0       0       0       0       0       0       0       0
Total ram usage:        6 bytes
 Hardware stack levels used:    1
 This function calls:
		Nothing
 This function is called by:
		_LCD_WriteMsg
 This function uses a non-reentrant model


 *************** function _LCD_SetCursor *****************
 Defined at:
		line 21 in file "LCD.c"
 Parameters:    Size  Location     Type
  row             1    wreg     unsigned char 
  col             1    3[COMRAM] unsigned char 
 Auto vars:     Size  Location     Type
  row             1    4[COMRAM] unsigned char 
 Return value:  Size  Location     Type
                  1    wreg      unsigned char 
 Registers used:
		wreg, status,2, status,0, cstack
 Tracked objects:
		On entry : 
		On exit  : 
		Unchanged: 
 Data sizes:     COMRAM   BANK0   BANK1   BANK2   BANK3   BANK4   BANK5   BANK6   BANK7
      Params:         1       0       0       0       0       0       0       0       0
      Locals:         1       0       0       0       0       0       0       0       0
      Temps:          0       0       0       0       0       0       0       0       0
      Totals:         2       0       0       0       0       0       0       0       0
Total ram usage:        2 bytes
 Hardware stack levels used:    1
 Hardware stack levels required when called:    1
 This function calls:
		_LCD_WriteByte
 This function is called by:
		_LCD_WriteMsg
 This function uses a non-reentrant model


 *************** function _LCD_Init *****************
 Defined at:
		line 153 in file "LCD.c"
 Parameters:    Size  Location     Type
		None
 Auto vars:     Size  Location     Type
		None
 Return value:  Size  Location     Type
                  1    wreg      unsigned char 
 Registers used:
		wreg, status,2, status,0, cstack
 Tracked objects:
		On entry : 
		On exit  : 
		Unchanged: 
 Data sizes:     COMRAM   BANK0   BANK1   BANK2   BANK3   BANK4   BANK5   BANK6   BANK7
      Params:         0       0       0       0       0       0       0       0       0
      Locals:         0       0       0       0       0       0       0       0       0
      Temps:          1       0       0       0       0       0       0       0       0
      Totals:         1       0       0       0       0       0       0       0       0
Total ram usage:        1 bytes
 Hardware stack levels used:    1
 Hardware stack levels required when called:    1
 This function calls:
		_LCD_WriteByte
 This function is called by:
		_main
 This function uses a non-reentrant model


 *************** function _LCD_WriteByte *****************
 Defined at:
		line 60 in file "LCD.c"
 Parameters:    Size  Location     Type
  InputValue      1    wreg     unsigned char 
  CommandData     1    0[COMRAM] enum E5880
 Auto vars:     Size  Location     Type
  InputValue      1    2[COMRAM] unsigned char 
 Return value:  Size  Location     Type
                  1    wreg      void 
 Registers used:
		wreg, status,2, status,0
 Tracked objects:
		On entry : 
		On exit  : 
		Unchanged: 
 Data sizes:     COMRAM   BANK0   BANK1   BANK2   BANK3   BANK4   BANK5   BANK6   BANK7
      Params:         1       0       0       0       0       0       0       0       0
      Locals:         1       0       0       0       0       0       0       0       0
      Temps:          1       0       0       0       0       0       0       0       0
      Totals:         3       0       0       0       0       0       0       0       0
Total ram usage:        3 bytes
 Hardware stack levels used:    1
 This function calls:
		Nothing
 This function is called by:
		_LCD_SetCursor
		_LCD_WriteMsg
		_LCD_Init
 This function uses a non-reentrant model



MODULE INFORMATION

Module		Function		Class		Link	Load	Size
C:\Program Files (x86)\Microchip\xc8\v1.42\sources\common\strlen.c
		_strlen        		CODE           	7DEE	0000	63

C:\Program Files (x86)\Microchip\xc8\v1.42\sources\common\strlen.c estimated size: 63

shared
		__initialization		CODE           	7DD2	0000	1

shared estimated size: 1

main.c
		_main          		CODE           	7DDC	0000	19

main.c estimated size: 19

LCD.c
		_LCD_Init      		CODE           	7ECE	0000	99
		_LCD_SetCursor 		CODE           	7E2C	0000	79
		_LCD_WriteMsg  		CODE           	7F30	0000	209
		_LCD_WriteByte 		CODE           	7E7A	0000	85

LCD.c estimated size: 472

